2025-09-11 02:04:05,383 - INFO - ✅ Setup validation complete
2025-09-11 02:04:05,383 - INFO - 🚀 Automated STL Extractor initialized
2025-09-11 02:04:05,383 - INFO - 📊 Progress: Page 37/407
2025-09-11 02:04:05,383 - INFO - 📊 Concepts extracted: 0
2025-09-11 02:04:05,383 - INFO - 📊 Batch: 1
2025-09-11 02:04:05,383 - INFO - 📊 STATUS REPORT:
2025-09-11 02:04:05,383 - INFO - 📊 Pages: 37/407 (0.0% complete)
2025-09-11 02:04:05,383 - INFO - 📊 Concepts: 0
2025-09-11 02:04:05,383 - INFO - 📊 Batches: 1
2025-09-11 02:04:05,383 - INFO - 🚀 Starting automated STL extraction
2025-09-11 02:04:05,383 - INFO - ⏰ Running every 20 minutes until completion
2025-09-11 02:04:05,383 - INFO - 🛑 Press Ctrl+C to stop gracefully
2025-09-11 02:04:05,383 - INFO - 🔄 Starting extraction cycle
2025-09-11 02:04:05,383 - INFO - 📊 Progress: Page 37/407
2025-09-11 02:04:05,383 - INFO - 📊 Concepts extracted: 0
2025-09-11 02:04:05,384 - INFO - 📊 Batch: 1
2025-09-11 02:04:05,394 - INFO - Use pytorch device_name: cpu
2025-09-11 02:04:05,394 - INFO - Load pretrained SentenceTransformer: all-MiniLM-L6-v2
2025-09-11 02:04:08,720 - INFO - ✅ STL processor initialized
2025-09-11 02:04:08,720 - INFO - 🔄 Starting batch 1 from page 37
2025-09-11 02:04:08,720 - ERROR - ❌ Error during batch extraction: Child classes must implement _extract_with_ai method
2025-09-11 02:04:08,721 - ERROR - Traceback (most recent call last):
  File "/home/shahar42/Suumerizing_C_holy_grale_book/automated_stl_extraction.py", line 184, in extract_batch
    result = self.processor.process_concept_with_deduplication(
             ^^^^^^^^^^^^^^^^^^^^^^^^^^^^^^^^^^^^^^^^^^^^^^^^^^
  File "/home/shahar42/Suumerizing_C_holy_grale_book/processors/cpp_stl_processor.py", line 43, in process_concept_with_deduplication
    return super().process_concept_with_deduplication(concept_data, book_name)
           ^^^^^^^^^^^^^^^^^^^^^^^^^^^^^^^^^^^^^^^^^^^^^^^^^^^^^^^^^^^^^^^^^^^
  File "/home/shahar42/Suumerizing_C_holy_grale_book/processors/base_processor.py", line 66, in process_concept_with_deduplication
    ai_extracted_concept = self._extract_with_ai(concept_data, book_name)
                           ^^^^^^^^^^^^^^^^^^^^^^^^^^^^^^^^^^^^^^^^^^^^^^
  File "/home/shahar42/Suumerizing_C_holy_grale_book/processors/base_processor.py", line 129, in _extract_with_ai
    raise NotImplementedError("Child classes must implement _extract_with_ai method")
NotImplementedError: Child classes must implement _extract_with_ai method

2025-09-11 02:04:08,721 - INFO - 💾 Progress saved - Page 37
2025-09-11 02:04:08,721 - INFO - ⏰ Waiting 20 minutes for next batch...
2025-09-11 02:04:08,721 - INFO - ⏰ Next run at: 02:24:08
2025-09-11 02:05:00,112 - INFO - 🛑 Received signal 15. Shutting down gracefully...
2025-09-11 02:05:00,727 - INFO - 👋 Automated STL extraction ended
2025-09-11 02:05:45,229 - INFO - ✅ Setup validation complete
2025-09-11 02:05:45,229 - INFO - 🚀 Automated STL Extractor initialized
2025-09-11 02:05:45,229 - INFO - 📊 Progress: Page 37/407
2025-09-11 02:05:45,229 - INFO - 📊 Concepts extracted: 0
2025-09-11 02:05:45,229 - INFO - 📊 Batch: 1
2025-09-11 02:05:45,229 - INFO - 📊 STATUS REPORT:
2025-09-11 02:05:45,229 - INFO - 📊 Pages: 37/407 (0.0% complete)
2025-09-11 02:05:45,229 - INFO - 📊 Concepts: 0
2025-09-11 02:05:45,230 - INFO - 📊 Batches: 1
2025-09-11 02:05:45,230 - INFO - 🚀 Starting automated STL extraction
2025-09-11 02:05:45,230 - INFO - ⏰ Running every 20 minutes until completion
2025-09-11 02:05:45,230 - INFO - 🛑 Press Ctrl+C to stop gracefully
2025-09-11 02:05:45,230 - INFO - 🔄 Starting extraction cycle
2025-09-11 02:05:45,230 - INFO - 📊 Progress: Page 37/407
2025-09-11 02:05:45,230 - INFO - 📊 Concepts extracted: 0
2025-09-11 02:05:45,230 - INFO - 📊 Batch: 1
2025-09-11 02:05:45,241 - INFO - Use pytorch device_name: cpu
2025-09-11 02:05:45,241 - INFO - Load pretrained SentenceTransformer: all-MiniLM-L6-v2
2025-09-11 02:05:48,811 - INFO - ✅ STL processor initialized
2025-09-11 02:05:48,811 - INFO - 🔄 Starting batch 1 from page 37
2025-09-11 02:05:53,926 - INFO - ✅ Extracted: std::vector push_back and emplace_back Operations
2025-09-11 02:06:00,337 - WARNING - ⚠️  Failed to extract concept from page 38
2025-09-11 02:06:07,061 - INFO - ✅ Extracted: std::vector push_back and emplace_back Operations
2025-09-11 02:06:13,556 - WARNING - ⚠️  Failed to extract concept from page 40
2025-09-11 02:06:19,646 - WARNING - ⚠️  Failed to extract concept from page 41
2025-09-11 02:06:26,390 - WARNING - ⚠️  Failed to extract concept from page 42
2025-09-11 02:06:33,215 - INFO - ✅ Extracted: std::vector push_back and emplace_back Operations
2025-09-11 02:06:39,948 - INFO - 🛑 Received signal 15. Shutting down gracefully...
2025-09-11 02:06:40,360 - INFO - ✅ Extracted: std::vector push_back and emplace_back Operations
2025-09-11 02:06:47,459 - INFO - ✅ Extracted: std::vector push_back and emplace_back Operations
2025-09-11 02:08:03,822 - INFO - ✅ Setup validation complete
2025-09-11 02:08:03,823 - INFO - 🚀 Automated STL Extractor initialized
2025-09-11 02:08:03,823 - INFO - 📊 Progress: Page 37/407
2025-09-11 02:08:03,823 - INFO - 📊 Concepts extracted: 0
2025-09-11 02:08:03,823 - INFO - 📊 Batch: 1
2025-09-11 02:08:03,823 - INFO - 📊 STATUS REPORT:
2025-09-11 02:08:03,823 - INFO - 📊 Pages: 37/407 (0.0% complete)
2025-09-11 02:08:03,823 - INFO - 📊 Concepts: 0
2025-09-11 02:08:03,823 - INFO - 📊 Batches: 1
2025-09-11 02:08:03,823 - INFO - 🚀 Starting automated STL extraction
2025-09-11 02:08:03,823 - INFO - ⏰ Running every 20 minutes until completion
2025-09-11 02:08:03,823 - INFO - 🛑 Press Ctrl+C to stop gracefully
2025-09-11 02:08:03,823 - INFO - 🔄 Starting extraction cycle
2025-09-11 02:08:03,823 - INFO - 📊 Progress: Page 37/407
2025-09-11 02:08:03,823 - INFO - 📊 Concepts extracted: 0
2025-09-11 02:08:03,823 - INFO - 📊 Batch: 1
2025-09-11 02:08:03,833 - INFO - Use pytorch device_name: cpu
2025-09-11 02:08:03,833 - INFO - Load pretrained SentenceTransformer: all-MiniLM-L6-v2
2025-09-11 02:08:07,150 - INFO - ✅ STL processor initialized
2025-09-11 02:08:07,150 - INFO - 🔄 Starting batch 1 from page 37
2025-09-11 02:08:13,484 - WARNING - ⚠️  Failed to extract concept from page 37
2025-09-11 02:08:20,597 - WARNING - ⚠️  Failed to extract concept from page 38
2025-09-11 02:08:27,762 - WARNING - ⚠️  Failed to extract concept from page 39
2025-09-11 02:08:34,315 - WARNING - ⚠️  Failed to extract concept from page 40
2025-09-11 02:08:41,644 - WARNING - ⚠️  Failed to extract concept from page 41
2025-09-11 02:08:48,705 - WARNING - ⚠️  Failed to extract concept from page 42
2025-09-11 02:08:55,397 - WARNING - ⚠️  Failed to extract concept from page 43
2025-09-11 02:09:02,115 - WARNING - ⚠️  Failed to extract concept from page 44
2025-09-11 02:09:10,889 - WARNING - ⚠️  Failed to extract concept from page 45
2025-09-11 02:09:17,839 - WARNING - ⚠️  Failed to extract concept from page 46
2025-09-11 02:09:25,072 - WARNING - ⚠️  Failed to extract concept from page 47
2025-09-11 02:09:32,096 - WARNING - ⚠️  Failed to extract concept from page 48
2025-09-11 02:09:39,204 - INFO - ✅ Extracted: std::vector push_back and emplace_back Operations
2025-09-11 02:09:46,344 - WARNING - ⚠️  Failed to extract concept from page 50
2025-09-11 02:09:53,273 - WARNING - ⚠️  Failed to extract concept from page 51
2025-09-11 02:10:00,272 - WARNING - ⚠️  Failed to extract concept from page 52
2025-09-11 02:10:08,276 - INFO - ✅ Extracted: std::vector push_back and emplace_back Operations
2025-09-11 02:10:15,338 - WARNING - ⚠️  Failed to extract concept from page 54
2025-09-11 02:10:22,214 - WARNING - ⚠️  Failed to extract concept from page 55
2025-09-11 02:10:28,952 - WARNING - ⚠️  Failed to extract concept from page 56
2025-09-11 02:10:30,953 - INFO - ✅ Batch complete: 2 concepts in 0:02:23.801939
2025-09-11 02:10:30,953 - INFO - 💾 Progress saved - Page 57
2025-09-11 02:10:30,953 - INFO - ⏰ Waiting 20 minutes for next batch...
2025-09-11 02:10:30,953 - INFO - ⏰ Next run at: 02:30:30
2025-09-11 02:15:32,016 - INFO - ⏰ 15 minutes until next batch
2025-09-11 02:20:32,079 - INFO - ⏰ 10 minutes until next batch
2025-09-11 02:25:32,148 - INFO - ⏰ 5 minutes until next batch
2025-09-11 02:30:31,215 - INFO - 🔄 Starting extraction cycle
2025-09-11 02:30:31,215 - INFO - 📊 Progress: Page 57/407
2025-09-11 02:30:31,215 - INFO - 📊 Concepts extracted: 2
2025-09-11 02:30:31,215 - INFO - 📊 Batch: 2
2025-09-11 02:30:31,215 - INFO - 🔄 Starting batch 2 from page 57
2025-09-11 02:30:38,028 - WARNING - ⚠️  Failed to extract concept from page 57
2025-09-11 02:30:44,872 - WARNING - ⚠️  Failed to extract concept from page 58
2025-09-11 02:30:51,654 - WARNING - ⚠️  Failed to extract concept from page 59
2025-09-11 02:30:58,592 - WARNING - ⚠️  Failed to extract concept from page 60
2025-09-11 02:31:07,944 - WARNING - ⚠️  Failed to extract concept from page 61
2025-09-11 02:31:15,033 - WARNING - ⚠️  Failed to extract concept from page 62
2025-09-11 02:31:22,371 - WARNING - ⚠️  Failed to extract concept from page 63
2025-09-11 02:31:29,557 - WARNING - ⚠️  Failed to extract concept from page 64
2025-09-11 02:31:36,587 - WARNING - ⚠️  Failed to extract concept from page 65
2025-09-11 02:31:43,677 - WARNING - ⚠️  Failed to extract concept from page 66
2025-09-11 02:31:50,705 - WARNING - ⚠️  Failed to extract concept from page 67
2025-09-11 02:31:57,166 - WARNING - ⚠️  Failed to extract concept from page 68
2025-09-11 02:32:05,210 - WARNING - ⚠️  Failed to extract concept from page 69
2025-09-11 02:32:12,111 - WARNING - ⚠️  Failed to extract concept from page 70
2025-09-11 02:32:19,090 - WARNING - ⚠️  Failed to extract concept from page 71
2025-09-11 02:32:26,153 - WARNING - ⚠️  Failed to extract concept from page 72
2025-09-11 02:32:34,348 - WARNING - ⚠️  Failed to extract concept from page 73
2025-09-11 02:32:40,998 - WARNING - ⚠️  Failed to extract concept from page 74
2025-09-11 02:32:48,258 - WARNING - ⚠️  Failed to extract concept from page 75
2025-09-11 02:32:55,031 - WARNING - ⚠️  Failed to extract concept from page 76
2025-09-11 02:32:57,031 - INFO - ✅ Batch complete: 0 concepts in 0:02:25.815709
2025-09-11 02:32:57,032 - INFO - 💾 Progress saved - Page 77
2025-09-11 02:32:57,035 - INFO - ⏰ Waiting 20 minutes for next batch...
2025-09-11 02:32:57,035 - INFO - ⏰ Next run at: 02:52:57
2025-09-11 02:37:58,103 - INFO - ⏰ 15 minutes until next batch
2025-09-11 02:42:58,171 - INFO - ⏰ 10 minutes until next batch
2025-09-11 02:47:58,236 - INFO - ⏰ 5 minutes until next batch
2025-09-11 02:52:57,298 - INFO - 🔄 Starting extraction cycle
2025-09-11 02:52:57,299 - INFO - 📊 Progress: Page 77/407
2025-09-11 02:52:57,299 - INFO - 📊 Concepts extracted: 2
2025-09-11 02:52:57,299 - INFO - 📊 Batch: 3
2025-09-11 02:52:57,299 - INFO - 🔄 Starting batch 3 from page 77
2025-09-11 02:53:03,862 - WARNING - ⚠️  Failed to extract concept from page 77
2025-09-11 02:53:11,103 - WARNING - ⚠️  Failed to extract concept from page 78
2025-09-11 02:53:18,048 - WARNING - ⚠️  Failed to extract concept from page 79
2025-09-11 02:53:24,674 - INFO - ✅ Extracted: std::vector push_back and emplace_back Operations
2025-09-11 02:53:33,190 - WARNING - ⚠️  Failed to extract concept from page 81
2025-09-11 02:53:39,703 - WARNING - ⚠️  Failed to extract concept from page 82
2025-09-11 02:53:46,673 - WARNING - ⚠️  Failed to extract concept from page 83
2025-09-11 02:53:53,345 - WARNING - ⚠️  Failed to extract concept from page 84
2025-09-11 02:54:01,497 - WARNING - ⚠️  Failed to extract concept from page 85
2025-09-11 02:54:08,512 - WARNING - ⚠️  Failed to extract concept from page 86
2025-09-11 02:54:15,162 - WARNING - ⚠️  Failed to extract concept from page 87
2025-09-11 02:54:22,033 - WARNING - ⚠️  Failed to extract concept from page 88
2025-09-11 02:54:29,694 - WARNING - ⚠️  Failed to extract concept from page 89
2025-09-11 02:54:36,764 - WARNING - ⚠️  Failed to extract concept from page 90
2025-09-11 02:54:43,798 - WARNING - ⚠️  Failed to extract concept from page 91
2025-09-11 02:54:50,341 - WARNING - ⚠️  Failed to extract concept from page 92
2025-09-11 02:54:58,974 - WARNING - ⚠️  Failed to extract concept from page 93
2025-09-11 02:55:06,049 - WARNING - ⚠️  Failed to extract concept from page 94
2025-09-11 02:55:13,087 - WARNING - ⚠️  Failed to extract concept from page 95
2025-09-11 02:55:20,060 - INFO - ✅ Extracted: std::vector push_back and emplace_back Operations
2025-09-11 02:55:22,061 - INFO - ✅ Batch complete: 2 concepts in 0:02:24.761450
2025-09-11 02:55:22,061 - INFO - 💾 Progress saved - Page 97
2025-09-11 02:55:22,061 - INFO - ⏰ Waiting 20 minutes for next batch...
2025-09-11 02:55:22,061 - INFO - ⏰ Next run at: 03:15:22
2025-09-11 03:00:23,121 - INFO - ⏰ 15 minutes until next batch
2025-09-11 03:05:23,187 - INFO - ⏰ 10 minutes until next batch
2025-09-11 03:10:23,255 - INFO - ⏰ 5 minutes until next batch
2025-09-11 03:15:22,317 - INFO - 🔄 Starting extraction cycle
2025-09-11 03:15:22,318 - INFO - 📊 Progress: Page 97/407
2025-09-11 03:15:22,318 - INFO - 📊 Concepts extracted: 4
2025-09-11 03:15:22,318 - INFO - 📊 Batch: 4
2025-09-11 03:15:22,318 - INFO - 🔄 Starting batch 4 from page 97
2025-09-11 03:15:28,635 - WARNING - ⚠️  Failed to extract concept from page 97
2025-09-11 03:15:35,586 - WARNING - ⚠️  Failed to extract concept from page 98
2025-09-11 03:15:42,392 - WARNING - ⚠️  Failed to extract concept from page 99
2025-09-11 03:15:49,098 - WARNING - ⚠️  Failed to extract concept from page 100
2025-09-11 03:15:55,923 - WARNING - ⚠️  Failed to extract concept from page 101
2025-09-11 03:16:04,053 - WARNING - ⚠️  Failed to extract concept from page 102
2025-09-11 03:16:10,815 - WARNING - ⚠️  Failed to extract concept from page 103
2025-09-11 03:16:17,857 - WARNING - ⚠️  Failed to extract concept from page 104
2025-09-11 03:16:24,779 - INFO - ✅ Extracted: std::vector push_back and emplace_back Operations
2025-09-11 03:16:33,198 - WARNING - ⚠️  Failed to extract concept from page 106
2025-09-11 03:16:40,127 - WARNING - ⚠️  Failed to extract concept from page 107
2025-09-11 03:16:46,765 - WARNING - ⚠️  Failed to extract concept from page 108
2025-09-11 03:16:53,519 - WARNING - ⚠️  Failed to extract concept from page 109
2025-09-11 03:17:03,004 - WARNING - ⚠️  Failed to extract concept from page 110
2025-09-11 03:17:09,802 - INFO - ✅ Extracted: std::vector push_back and emplace_back Operations
2025-09-11 03:17:16,885 - WARNING - ⚠️  Failed to extract concept from page 112
2025-09-11 03:17:23,584 - WARNING - ⚠️  Failed to extract concept from page 113
2025-09-11 03:17:29,999 - WARNING - ⚠️  Failed to extract concept from page 114
2025-09-11 03:17:38,428 - WARNING - ⚠️  Failed to extract concept from page 115
2025-09-11 03:17:45,372 - WARNING - ⚠️  Failed to extract concept from page 116
2025-09-11 03:17:47,372 - INFO - ✅ Batch complete: 2 concepts in 0:02:25.054477
2025-09-11 03:17:47,373 - INFO - 💾 Progress saved - Page 117
2025-09-11 03:17:47,373 - INFO - ⏰ Waiting 20 minutes for next batch...
2025-09-11 03:17:47,373 - INFO - ⏰ Next run at: 03:37:47
2025-09-11 03:22:48,438 - INFO - ⏰ 15 minutes until next batch
2025-09-11 03:27:48,503 - INFO - ⏰ 10 minutes until next batch
2025-09-11 03:32:48,573 - INFO - ⏰ 5 minutes until next batch
2025-09-11 03:37:47,637 - INFO - 🔄 Starting extraction cycle
2025-09-11 03:37:47,637 - INFO - 📊 Progress: Page 117/407
2025-09-11 03:37:47,637 - INFO - 📊 Concepts extracted: 6
2025-09-11 03:37:47,637 - INFO - 📊 Batch: 5
2025-09-11 03:37:47,638 - INFO - 🔄 Starting batch 5 from page 117
2025-09-11 03:37:53,306 - WARNING - ⚠️  Failed to extract concept from page 117
2025-09-11 03:38:00,404 - WARNING - ⚠️  Failed to extract concept from page 118
2025-09-11 03:38:06,969 - WARNING - ⚠️  Failed to extract concept from page 119
2025-09-11 03:38:13,661 - WARNING - ⚠️  Failed to extract concept from page 120
2025-09-11 03:38:19,978 - WARNING - ⚠️  Failed to extract concept from page 121
2025-09-11 03:38:28,480 - WARNING - ⚠️  Failed to extract concept from page 122
2025-09-11 03:38:35,563 - WARNING - ⚠️  Failed to extract concept from page 123
2025-09-11 03:38:42,245 - WARNING - ⚠️  Failed to extract concept from page 124
2025-09-11 03:38:49,103 - WARNING - ⚠️  Failed to extract concept from page 125
2025-09-11 03:38:58,659 - WARNING - ⚠️  Failed to extract concept from page 126
2025-09-11 03:39:05,797 - WARNING - ⚠️  Failed to extract concept from page 127
2025-09-11 03:39:12,820 - WARNING - ⚠️  Failed to extract concept from page 128
2025-09-11 03:39:21,436 - WARNING - ⚠️  Failed to extract concept from page 129
2025-09-11 03:39:28,714 - WARNING - ⚠️  Failed to extract concept from page 130
2025-09-11 03:39:35,806 - WARNING - ⚠️  Failed to extract concept from page 131
2025-09-11 03:39:42,322 - WARNING - ⚠️  Failed to extract concept from page 132
2025-09-11 03:39:49,719 - WARNING - ⚠️  Failed to extract concept from page 133
2025-09-11 03:39:56,658 - WARNING - ⚠️  Failed to extract concept from page 134
2025-09-11 03:40:03,942 - WARNING - ⚠️  Failed to extract concept from page 135
2025-09-11 03:40:10,777 - WARNING - ⚠️  Failed to extract concept from page 136
2025-09-11 03:40:12,777 - INFO - ✅ Batch complete: 0 concepts in 0:02:25.139269
2025-09-11 03:40:12,777 - INFO - 💾 Progress saved - Page 137
2025-09-11 03:40:12,777 - INFO - ⏰ Waiting 20 minutes for next batch...
2025-09-11 03:40:12,778 - INFO - ⏰ Next run at: 04:00:12
2025-09-11 03:45:13,832 - INFO - ⏰ 15 minutes until next batch
2025-09-11 03:50:13,900 - INFO - ⏰ 10 minutes until next batch
2025-09-11 03:55:13,964 - INFO - ⏰ 5 minutes until next batch
2025-09-11 04:00:13,031 - INFO - 🔄 Starting extraction cycle
2025-09-11 04:00:13,031 - INFO - 📊 Progress: Page 137/407
2025-09-11 04:00:13,031 - INFO - 📊 Concepts extracted: 6
2025-09-11 04:00:13,031 - INFO - 📊 Batch: 6
2025-09-11 04:00:13,031 - INFO - 🔄 Starting batch 6 from page 137
2025-09-11 04:00:19,887 - WARNING - ⚠️  Failed to extract concept from page 137
2025-09-11 04:00:27,134 - WARNING - ⚠️  Failed to extract concept from page 138
2025-09-11 04:00:34,290 - WARNING - ⚠️  Failed to extract concept from page 139
2025-09-11 04:00:40,958 - WARNING - ⚠️  Failed to extract concept from page 140
2025-09-11 04:00:49,504 - WARNING - ⚠️  Failed to extract concept from page 141
2025-09-11 04:00:56,102 - WARNING - ⚠️  Failed to extract concept from page 142
2025-09-11 04:01:02,911 - WARNING - ⚠️  Failed to extract concept from page 143
2025-09-11 04:01:10,217 - WARNING - ⚠️  Failed to extract concept from page 144
2025-09-11 04:01:17,893 - WARNING - ⚠️  Failed to extract concept from page 145
2025-09-11 04:01:24,686 - WARNING - ⚠️  Failed to extract concept from page 146
2025-09-11 04:01:31,453 - WARNING - ⚠️  Failed to extract concept from page 147
2025-09-11 04:01:38,377 - WARNING - ⚠️  Failed to extract concept from page 148
2025-09-11 04:01:44,908 - WARNING - ⚠️  Failed to extract concept from page 149
2025-09-11 04:01:53,037 - WARNING - ⚠️  Failed to extract concept from page 150
2025-09-11 04:02:00,130 - WARNING - ⚠️  Failed to extract concept from page 151
2025-09-11 04:02:06,786 - WARNING - ⚠️  Failed to extract concept from page 152
2025-09-11 04:02:14,075 - WARNING - ⚠️  Failed to extract concept from page 153
2025-09-11 04:02:22,481 - WARNING - ⚠️  Failed to extract concept from page 154
2025-09-11 04:02:29,197 - INFO - ✅ Extracted: std::vector push_back and emplace_back Operations
2025-09-11 04:02:36,387 - WARNING - ⚠️  Failed to extract concept from page 156
2025-09-11 04:02:38,388 - INFO - ✅ Batch complete: 1 concepts in 0:02:25.356338
2025-09-11 04:02:38,388 - INFO - 💾 Progress saved - Page 157
2025-09-11 04:02:38,389 - INFO - ⏰ Waiting 20 minutes for next batch...
2025-09-11 04:02:38,389 - INFO - ⏰ Next run at: 04:22:38
2025-09-11 04:07:39,457 - INFO - ⏰ 15 minutes until next batch
2025-09-11 04:12:39,521 - INFO - ⏰ 10 minutes until next batch
2025-09-11 04:17:39,590 - INFO - ⏰ 5 minutes until next batch
2025-09-11 04:22:38,653 - INFO - 🔄 Starting extraction cycle
2025-09-11 04:22:38,653 - INFO - 📊 Progress: Page 157/407
2025-09-11 04:22:38,653 - INFO - 📊 Concepts extracted: 7
2025-09-11 04:22:38,653 - INFO - 📊 Batch: 7
2025-09-11 04:22:38,653 - INFO - 🔄 Starting batch 7 from page 157
2025-09-11 04:22:44,389 - WARNING - ⚠️  Failed to extract concept from page 157
2025-09-11 04:22:51,242 - WARNING - ⚠️  Failed to extract concept from page 158
2025-09-11 04:22:58,509 - WARNING - ⚠️  Failed to extract concept from page 159
2025-09-11 04:23:05,371 - INFO - ✅ Extracted: std::vector push_back and emplace_back Operations
2025-09-11 04:23:13,774 - WARNING - ⚠️  Failed to extract concept from page 161
2025-09-11 04:23:21,056 - WARNING - ⚠️  Failed to extract concept from page 162
2025-09-11 04:23:28,339 - WARNING - ⚠️  Failed to extract concept from page 163
2025-09-11 04:23:35,382 - WARNING - ⚠️  Failed to extract concept from page 164
2025-09-11 04:23:41,894 - WARNING - ⚠️  Failed to extract concept from page 165
2025-09-11 04:23:48,393 - WARNING - ⚠️  Failed to extract concept from page 166
2025-09-11 04:23:55,446 - WARNING - ⚠️  Failed to extract concept from page 167
2025-09-11 04:24:02,884 - WARNING - ⚠️  Failed to extract concept from page 168
2025-09-11 04:24:11,271 - WARNING - ⚠️  Failed to extract concept from page 169
2025-09-11 04:24:18,399 - WARNING - ⚠️  Failed to extract concept from page 170
2025-09-11 04:24:25,291 - WARNING - ⚠️  Failed to extract concept from page 171
2025-09-11 04:24:32,215 - WARNING - ⚠️  Failed to extract concept from page 172
2025-09-11 04:24:39,641 - INFO - ✅ Extracted: std::vector push_back and emplace_back Operations
2025-09-11 04:24:46,966 - WARNING - ⚠️  Failed to extract concept from page 174
2025-09-11 04:24:53,742 - WARNING - ⚠️  Failed to extract concept from page 175
2025-09-11 04:25:00,889 - WARNING - ⚠️  Failed to extract concept from page 176
2025-09-11 04:25:02,889 - INFO - ✅ Batch complete: 2 concepts in 0:02:24.235630
2025-09-11 04:25:02,890 - INFO - 💾 Progress saved - Page 177
2025-09-11 04:25:02,890 - INFO - ⏰ Waiting 20 minutes for next batch...
2025-09-11 04:25:02,890 - INFO - ⏰ Next run at: 04:45:02
2025-09-11 04:30:03,955 - INFO - ⏰ 15 minutes until next batch
2025-09-11 04:35:04,020 - INFO - ⏰ 10 minutes until next batch
2025-09-11 04:40:04,087 - INFO - ⏰ 5 minutes until next batch
2025-09-11 04:45:03,155 - INFO - 🔄 Starting extraction cycle
2025-09-11 04:45:03,156 - INFO - 📊 Progress: Page 177/407
2025-09-11 04:45:03,156 - INFO - 📊 Concepts extracted: 9
2025-09-11 04:45:03,156 - INFO - 📊 Batch: 8
2025-09-11 04:45:03,156 - INFO - 🔄 Starting batch 8 from page 177
2025-09-11 04:45:09,705 - WARNING - ⚠️  Failed to extract concept from page 177
2025-09-11 04:45:17,089 - WARNING - ⚠️  Failed to extract concept from page 178
2025-09-11 04:45:24,249 - WARNING - ⚠️  Failed to extract concept from page 179
2025-09-11 04:45:31,137 - WARNING - ⚠️  Failed to extract concept from page 180
2025-09-11 04:45:39,285 - INFO - ✅ Extracted: std::vector push_back and emplace_back Operations
2025-09-11 04:45:46,515 - WARNING - ⚠️  Failed to extract concept from page 182
2025-09-11 04:45:53,342 - WARNING - ⚠️  Failed to extract concept from page 183
2025-09-11 04:46:00,232 - WARNING - ⚠️  Failed to extract concept from page 184
2025-09-11 04:46:06,901 - WARNING - ⚠️  Failed to extract concept from page 185
2025-09-11 04:46:13,904 - WARNING - ⚠️  Failed to extract concept from page 186
2025-09-11 04:46:20,825 - WARNING - ⚠️  Failed to extract concept from page 187
2025-09-11 04:46:28,121 - WARNING - ⚠️  Failed to extract concept from page 188
2025-09-11 04:46:36,219 - WARNING - ⚠️  Failed to extract concept from page 189
2025-09-11 04:46:43,206 - WARNING - ⚠️  Failed to extract concept from page 190
2025-09-11 04:46:50,023 - WARNING - ⚠️  Failed to extract concept from page 191
2025-09-11 04:46:56,512 - WARNING - ⚠️  Failed to extract concept from page 192
2025-09-11 04:47:05,660 - INFO - ✅ Extracted: std::vector push_back and emplace_back Operations
2025-09-11 04:47:12,729 - WARNING - ⚠️  Failed to extract concept from page 194
2025-09-11 04:47:19,823 - WARNING - ⚠️  Failed to extract concept from page 195
2025-09-11 04:47:27,266 - WARNING - ⚠️  Failed to extract concept from page 196
2025-09-11 04:47:29,267 - INFO - ✅ Batch complete: 2 concepts in 0:02:26.111139
2025-09-11 04:47:29,269 - INFO - 💾 Progress saved - Page 197
2025-09-11 04:47:29,270 - INFO - ⏰ Waiting 20 minutes for next batch...
2025-09-11 04:47:29,271 - INFO - ⏰ Next run at: 05:07:29
2025-09-11 04:52:30,340 - INFO - ⏰ 15 minutes until next batch
2025-09-11 04:57:30,405 - INFO - ⏰ 10 minutes until next batch
2025-09-11 05:02:30,473 - INFO - ⏰ 5 minutes until next batch
2025-09-11 05:07:29,542 - INFO - 🔄 Starting extraction cycle
2025-09-11 05:07:29,542 - INFO - 📊 Progress: Page 197/407
2025-09-11 05:07:29,542 - INFO - 📊 Concepts extracted: 11
2025-09-11 05:07:29,542 - INFO - 📊 Batch: 9
2025-09-11 05:07:29,543 - INFO - 🔄 Starting batch 9 from page 197
2025-09-11 05:07:35,974 - WARNING - ⚠️  Failed to extract concept from page 197
2025-09-11 05:07:43,029 - WARNING - ⚠️  Failed to extract concept from page 198
2025-09-11 05:07:49,654 - WARNING - ⚠️  Failed to extract concept from page 199
2025-09-11 05:07:56,423 - INFO - ✅ Extracted: std::vector push_back and emplace_back Operations
2025-09-11 05:08:03,259 - WARNING - ⚠️  Failed to extract concept from page 201
2025-09-11 05:08:10,341 - WARNING - ⚠️  Failed to extract concept from page 202
2025-09-11 05:08:17,419 - WARNING - ⚠️  Failed to extract concept from page 203
2025-09-11 05:08:24,320 - WARNING - ⚠️  Failed to extract concept from page 204
2025-09-11 05:08:33,202 - WARNING - ⚠️  Failed to extract concept from page 205
2025-09-11 05:08:40,190 - WARNING - ⚠️  Failed to extract concept from page 206
2025-09-11 05:08:47,022 - WARNING - ⚠️  Failed to extract concept from page 207
2025-09-11 05:08:54,065 - WARNING - ⚠️  Failed to extract concept from page 208
2025-09-11 05:09:02,035 - WARNING - ⚠️  Failed to extract concept from page 209
2025-09-11 05:09:09,398 - WARNING - ⚠️  Failed to extract concept from page 210
2025-09-11 05:09:16,194 - WARNING - ⚠️  Failed to extract concept from page 211
2025-09-11 05:09:23,045 - WARNING - ⚠️  Failed to extract concept from page 212
2025-09-11 05:09:30,200 - WARNING - ⚠️  Failed to extract concept from page 213
2025-09-11 05:09:37,064 - WARNING - ⚠️  Failed to extract concept from page 214
2025-09-11 05:09:43,843 - WARNING - ⚠️  Failed to extract concept from page 215
2025-09-11 05:09:50,465 - WARNING - ⚠️  Failed to extract concept from page 216
2025-09-11 05:09:52,465 - INFO - ✅ Batch complete: 1 concepts in 0:02:22.922436
2025-09-11 05:09:52,466 - INFO - 💾 Progress saved - Page 217
2025-09-11 05:09:52,466 - INFO - ⏰ Waiting 20 minutes for next batch...
2025-09-11 05:09:52,466 - INFO - ⏰ Next run at: 05:29:52
2025-09-11 05:14:53,536 - INFO - ⏰ 15 minutes until next batch
2025-09-11 05:19:53,603 - INFO - ⏰ 10 minutes until next batch
2025-09-11 05:24:53,664 - INFO - ⏰ 5 minutes until next batch
2025-09-11 05:29:52,730 - INFO - 🔄 Starting extraction cycle
2025-09-11 05:29:52,731 - INFO - 📊 Progress: Page 217/407
2025-09-11 05:29:52,731 - INFO - 📊 Concepts extracted: 12
2025-09-11 05:29:52,731 - INFO - 📊 Batch: 10
2025-09-11 05:29:52,731 - INFO - 🔄 Starting batch 10 from page 217
2025-09-11 05:29:58,761 - WARNING - ⚠️  Failed to extract concept from page 217
2025-09-11 05:30:06,010 - WARNING - ⚠️  Failed to extract concept from page 218
2025-09-11 05:30:13,029 - WARNING - ⚠️  Failed to extract concept from page 219
2025-09-11 05:30:20,013 - WARNING - ⚠️  Failed to extract concept from page 220
2025-09-11 05:30:27,390 - WARNING - ⚠️  Failed to extract concept from page 221
2025-09-11 05:30:34,293 - WARNING - ⚠️  Failed to extract concept from page 222
2025-09-11 05:30:41,383 - WARNING - ⚠️  Failed to extract concept from page 223
2025-09-11 05:30:48,580 - WARNING - ⚠️  Failed to extract concept from page 224
2025-09-11 05:30:56,772 - WARNING - ⚠️  Failed to extract concept from page 225
2025-09-11 05:31:03,632 - WARNING - ⚠️  Failed to extract concept from page 226
2025-09-11 05:31:10,954 - WARNING - ⚠️  Failed to extract concept from page 227
2025-09-11 05:31:17,689 - WARNING - ⚠️  Failed to extract concept from page 228
2025-09-11 05:31:23,975 - INFO - ✅ Extracted: std::vector push_back and emplace_back Operations
2025-09-11 05:31:32,450 - WARNING - ⚠️  Failed to extract concept from page 230
2025-09-11 05:31:39,576 - WARNING - ⚠️  Failed to extract concept from page 231
2025-09-11 05:31:46,471 - WARNING - ⚠️  Failed to extract concept from page 232
2025-09-11 05:31:53,691 - WARNING - ⚠️  Failed to extract concept from page 233
2025-09-11 05:32:01,651 - WARNING - ⚠️  Failed to extract concept from page 234
2025-09-11 05:32:08,475 - WARNING - ⚠️  Failed to extract concept from page 235
2025-09-11 05:32:16,013 - WARNING - ⚠️  Failed to extract concept from page 236
2025-09-11 05:32:18,013 - INFO - ✅ Batch complete: 1 concepts in 0:02:25.282134
2025-09-11 05:32:18,014 - INFO - 💾 Progress saved - Page 237
2025-09-11 05:32:18,014 - INFO - ⏰ Waiting 20 minutes for next batch...
2025-09-11 05:32:18,014 - INFO - ⏰ Next run at: 05:52:18
2025-09-11 05:37:19,083 - INFO - ⏰ 15 minutes until next batch
2025-09-11 05:42:19,154 - INFO - ⏰ 10 minutes until next batch
2025-09-11 05:47:19,219 - INFO - ⏰ 5 minutes until next batch
2025-09-11 05:52:18,283 - INFO - 🔄 Starting extraction cycle
2025-09-11 05:52:18,284 - INFO - 📊 Progress: Page 237/407
2025-09-11 05:52:18,284 - INFO - 📊 Concepts extracted: 13
2025-09-11 05:52:18,284 - INFO - 📊 Batch: 11
2025-09-11 05:52:18,284 - INFO - 🔄 Starting batch 11 from page 237
2025-09-11 05:52:24,843 - WARNING - ⚠️  Failed to extract concept from page 237
2025-09-11 05:52:31,712 - WARNING - ⚠️  Failed to extract concept from page 238
2025-09-11 05:52:38,447 - WARNING - ⚠️  Failed to extract concept from page 239
2025-09-11 05:52:45,616 - WARNING - ⚠️  Failed to extract concept from page 240
2025-09-11 05:52:54,033 - WARNING - ⚠️  Failed to extract concept from page 241
2025-09-11 05:53:00,856 - WARNING - ⚠️  Failed to extract concept from page 242
2025-09-11 05:53:07,640 - WARNING - ⚠️  Failed to extract concept from page 243
2025-09-11 05:53:15,108 - WARNING - ⚠️  Failed to extract concept from page 244
2025-09-11 05:53:23,311 - WARNING - ⚠️  Failed to extract concept from page 245
2025-09-11 05:53:30,431 - WARNING - ⚠️  Failed to extract concept from page 246
2025-09-11 05:53:37,379 - WARNING - ⚠️  Failed to extract concept from page 247
2025-09-11 05:53:44,733 - INFO - ✅ Extracted: std::vector push_back and emplace_back Operations
2025-09-11 05:53:53,283 - WARNING - ⚠️  Failed to extract concept from page 249
2025-09-11 05:54:00,140 - WARNING - ⚠️  Failed to extract concept from page 250
2025-09-11 05:54:06,932 - WARNING - ⚠️  Failed to extract concept from page 251
2025-09-11 05:54:13,908 - WARNING - ⚠️  Failed to extract concept from page 252
2025-09-11 05:54:20,287 - WARNING - ⚠️  Failed to extract concept from page 253
2025-09-11 05:54:28,517 - WARNING - ⚠️  Failed to extract concept from page 254
2025-09-11 05:54:35,778 - WARNING - ⚠️  Failed to extract concept from page 255
2025-09-11 05:54:42,856 - WARNING - ⚠️  Failed to extract concept from page 256
2025-09-11 05:54:44,856 - INFO - ✅ Batch complete: 1 concepts in 0:02:26.572177
2025-09-11 05:54:44,857 - INFO - 💾 Progress saved - Page 257
2025-09-11 05:54:44,857 - INFO - ⏰ Waiting 20 minutes for next batch...
2025-09-11 05:54:44,857 - INFO - ⏰ Next run at: 06:14:44
2025-09-11 05:59:45,924 - INFO - ⏰ 15 minutes until next batch
2025-09-11 06:04:45,985 - INFO - ⏰ 10 minutes until next batch
2025-09-11 06:09:46,049 - INFO - ⏰ 5 minutes until next batch
2025-09-11 06:14:45,123 - INFO - 🔄 Starting extraction cycle
2025-09-11 06:14:45,123 - INFO - 📊 Progress: Page 257/407
2025-09-11 06:14:45,123 - INFO - 📊 Concepts extracted: 14
2025-09-11 06:14:45,123 - INFO - 📊 Batch: 12
2025-09-11 06:14:45,123 - INFO - 🔄 Starting batch 12 from page 257
2025-09-11 06:14:52,803 - INFO - ✅ Extracted: std::vector push_back and emplace_back Operations
2025-09-11 06:14:59,683 - WARNING - ⚠️  Failed to extract concept from page 258
2025-09-11 06:15:06,453 - WARNING - ⚠️  Failed to extract concept from page 259
2025-09-11 06:15:13,273 - WARNING - ⚠️  Failed to extract concept from page 260
2025-09-11 06:15:20,907 - WARNING - ⚠️  Failed to extract concept from page 261
2025-09-11 06:15:28,152 - WARNING - ⚠️  Failed to extract concept from page 262
2025-09-11 06:15:34,789 - WARNING - ⚠️  Failed to extract concept from page 263
2025-09-11 06:15:41,870 - WARNING - ⚠️  Failed to extract concept from page 264
2025-09-11 06:15:49,648 - WARNING - ⚠️  Failed to extract concept from page 265
2025-09-11 06:15:56,900 - WARNING - ⚠️  Failed to extract concept from page 266
2025-09-11 06:16:04,331 - INFO - ✅ Extracted: std::vector push_back and emplace_back Operations
2025-09-11 06:16:10,835 - WARNING - ⚠️  Failed to extract concept from page 268
2025-09-11 06:16:19,526 - WARNING - ⚠️  Failed to extract concept from page 269
2025-09-11 06:16:26,829 - WARNING - ⚠️  Failed to extract concept from page 270
2025-09-11 06:16:34,070 - INFO - ✅ Extracted: std::vector push_back and emplace_back Operations
2025-09-11 06:16:41,506 - WARNING - ⚠️  Failed to extract concept from page 272
2025-09-11 06:16:48,522 - WARNING - ⚠️  Failed to extract concept from page 273
2025-09-11 06:16:55,415 - WARNING - ⚠️  Failed to extract concept from page 274
2025-09-11 06:17:02,674 - WARNING - ⚠️  Failed to extract concept from page 275
2025-09-11 06:17:10,347 - WARNING - ⚠️  Failed to extract concept from page 276
2025-09-11 06:17:12,348 - INFO - ✅ Batch complete: 3 concepts in 0:02:27.224496
2025-09-11 06:17:12,351 - INFO - 💾 Progress saved - Page 277
2025-09-11 06:17:12,351 - INFO - ⏰ Waiting 20 minutes for next batch...
2025-09-11 06:17:12,352 - INFO - ⏰ Next run at: 06:37:12
2025-09-11 06:22:13,418 - INFO - ⏰ 15 minutes until next batch
2025-09-11 06:27:13,483 - INFO - ⏰ 10 minutes until next batch
2025-09-11 06:32:13,550 - INFO - ⏰ 5 minutes until next batch
2025-09-11 06:37:12,616 - INFO - 🔄 Starting extraction cycle
2025-09-11 06:37:12,616 - INFO - 📊 Progress: Page 277/407
2025-09-11 06:37:12,616 - INFO - 📊 Concepts extracted: 17
2025-09-11 06:37:12,616 - INFO - 📊 Batch: 13
2025-09-11 06:37:12,616 - INFO - 🔄 Starting batch 13 from page 277
2025-09-11 06:37:19,418 - WARNING - ⚠️  Failed to extract concept from page 277
2025-09-11 06:37:26,667 - WARNING - ⚠️  Failed to extract concept from page 278
2025-09-11 06:37:34,379 - WARNING - ⚠️  Failed to extract concept from page 279
2025-09-11 06:37:43,308 - WARNING - ⚠️  Failed to extract concept from page 280
2025-09-11 06:37:50,305 - WARNING - ⚠️  Failed to extract concept from page 281
2025-09-11 06:37:57,515 - WARNING - ⚠️  Failed to extract concept from page 282
2025-09-11 06:38:04,678 - WARNING - ⚠️  Failed to extract concept from page 283
2025-09-11 06:38:12,747 - WARNING - ⚠️  Failed to extract concept from page 284
2025-09-11 06:38:19,895 - WARNING - ⚠️  Failed to extract concept from page 285
2025-09-11 06:38:26,902 - WARNING - ⚠️  Failed to extract concept from page 286
2025-09-11 06:38:34,698 - WARNING - ⚠️  Failed to extract concept from page 287
2025-09-11 06:38:42,544 - WARNING - ⚠️  Failed to extract concept from page 288
2025-09-11 06:38:49,711 - WARNING - ⚠️  Failed to extract concept from page 289
2025-09-11 06:38:57,000 - INFO - ✅ Extracted: std::vector push_back and emplace_back Operations
2025-09-11 06:39:03,952 - WARNING - ⚠️  Failed to extract concept from page 291
2025-09-11 06:39:12,164 - WARNING - ⚠️  Failed to extract concept from page 292
2025-09-11 06:39:19,387 - WARNING - ⚠️  Failed to extract concept from page 293
2025-09-11 06:39:25,935 - WARNING - ⚠️  Failed to extract concept from page 294
2025-09-11 06:39:32,954 - WARNING - ⚠️  Failed to extract concept from page 295
2025-09-11 06:39:40,984 - WARNING - ⚠️  Failed to extract concept from page 296
2025-09-11 06:39:42,985 - INFO - ✅ Batch complete: 1 concepts in 0:02:30.368617
2025-09-11 06:39:42,986 - INFO - 💾 Progress saved - Page 297
2025-09-11 06:39:42,986 - INFO - ⏰ Waiting 20 minutes for next batch...
2025-09-11 06:39:42,986 - INFO - ⏰ Next run at: 06:59:42
2025-09-11 06:44:44,056 - INFO - ⏰ 15 minutes until next batch
2025-09-11 06:49:44,122 - INFO - ⏰ 10 minutes until next batch
2025-09-11 06:54:44,186 - INFO - ⏰ 5 minutes until next batch
2025-09-11 06:59:43,253 - INFO - 🔄 Starting extraction cycle
2025-09-11 06:59:43,253 - INFO - 📊 Progress: Page 297/407
2025-09-11 06:59:43,253 - INFO - 📊 Concepts extracted: 18
2025-09-11 06:59:43,254 - INFO - 📊 Batch: 14
2025-09-11 06:59:43,254 - INFO - 🔄 Starting batch 14 from page 297
2025-09-11 06:59:49,867 - INFO - ✅ Extracted: std::vector push_back and emplace_back Operations
2025-09-11 06:59:56,842 - WARNING - ⚠️  Failed to extract concept from page 298
2025-09-11 07:00:03,935 - WARNING - ⚠️  Failed to extract concept from page 299
2025-09-11 07:00:10,680 - WARNING - ⚠️  Failed to extract concept from page 300
2025-09-11 07:00:18,066 - WARNING - ⚠️  Failed to extract concept from page 301
2025-09-11 07:00:25,501 - INFO - ✅ Extracted: std::vector push_back and emplace_back Operations
2025-09-11 07:00:32,540 - WARNING - ⚠️  Failed to extract concept from page 303
2025-09-11 07:00:39,304 - WARNING - ⚠️  Failed to extract concept from page 304
2025-09-11 07:00:47,404 - WARNING - ⚠️  Failed to extract concept from page 305
2025-09-11 07:00:54,045 - WARNING - ⚠️  Failed to extract concept from page 306
2025-09-11 07:01:01,002 - WARNING - ⚠️  Failed to extract concept from page 307
2025-09-11 07:01:08,135 - WARNING - ⚠️  Failed to extract concept from page 308
2025-09-11 07:01:16,192 - WARNING - ⚠️  Failed to extract concept from page 309
2025-09-11 07:01:23,076 - WARNING - ⚠️  Failed to extract concept from page 310
2025-09-11 07:01:29,987 - WARNING - ⚠️  Failed to extract concept from page 311
2025-09-11 07:01:36,942 - WARNING - ⚠️  Failed to extract concept from page 312
2025-09-11 07:01:45,501 - WARNING - ⚠️  Failed to extract concept from page 313
2025-09-11 07:01:52,725 - WARNING - ⚠️  Failed to extract concept from page 314
2025-09-11 07:01:59,114 - INFO - ✅ Extracted: std::vector push_back and emplace_back Operations
2025-09-11 07:02:06,032 - WARNING - ⚠️  Failed to extract concept from page 316
2025-09-11 07:02:08,033 - INFO - ✅ Batch complete: 3 concepts in 0:02:24.779078
2025-09-11 07:02:08,033 - INFO - 💾 Progress saved - Page 317
2025-09-11 07:02:08,033 - INFO - ⏰ Waiting 20 minutes for next batch...
2025-09-11 07:02:08,034 - INFO - ⏰ Next run at: 07:22:08
2025-09-11 07:07:09,098 - INFO - ⏰ 15 minutes until next batch
2025-09-11 07:12:09,166 - INFO - ⏰ 10 minutes until next batch
2025-09-11 07:17:09,230 - INFO - ⏰ 5 minutes until next batch
2025-09-11 07:22:08,300 - INFO - 🔄 Starting extraction cycle
2025-09-11 07:22:08,300 - INFO - 📊 Progress: Page 317/407
2025-09-11 07:22:08,300 - INFO - 📊 Concepts extracted: 21
2025-09-11 07:22:08,301 - INFO - 📊 Batch: 15
2025-09-11 07:22:08,301 - INFO - 🔄 Starting batch 15 from page 317
2025-09-11 07:22:13,442 - WARNING - ⚠️  Failed to extract concept from page 317
2025-09-11 07:22:21,589 - WARNING - ⚠️  Failed to extract concept from page 318
2025-09-11 07:22:28,725 - WARNING - ⚠️  Failed to extract concept from page 319
2025-09-11 07:22:35,850 - INFO - ✅ Extracted: std::vector push_back and emplace_back Operations
2025-09-11 07:22:43,269 - WARNING - ⚠️  Failed to extract concept from page 321
2025-09-11 07:22:51,148 - WARNING - ⚠️  Failed to extract concept from page 322
2025-09-11 07:22:58,229 - WARNING - ⚠️  Failed to extract concept from page 323
2025-09-11 07:23:05,359 - WARNING - ⚠️  Failed to extract concept from page 324
2025-09-11 07:23:12,471 - WARNING - ⚠️  Failed to extract concept from page 325
2025-09-11 07:23:19,911 - WARNING - ⚠️  Failed to extract concept from page 326
2025-09-11 07:23:26,996 - WARNING - ⚠️  Failed to extract concept from page 327
2025-09-11 07:23:33,903 - WARNING - ⚠️  Failed to extract concept from page 328
2025-09-11 07:23:40,832 - WARNING - ⚠️  Failed to extract concept from page 329
2025-09-11 07:23:49,907 - WARNING - ⚠️  Failed to extract concept from page 330
2025-09-11 07:23:56,808 - WARNING - ⚠️  Failed to extract concept from page 331
2025-09-11 07:24:04,405 - WARNING - ⚠️  Failed to extract concept from page 332
2025-09-11 07:24:13,119 - WARNING - ⚠️  Failed to extract concept from page 333
2025-09-11 07:24:20,528 - WARNING - ⚠️  Failed to extract concept from page 334
2025-09-11 07:24:27,562 - WARNING - ⚠️  Failed to extract concept from page 335
2025-09-11 07:24:34,560 - WARNING - ⚠️  Failed to extract concept from page 336
2025-09-11 07:24:36,561 - INFO - ✅ Batch complete: 1 concepts in 0:02:28.259783
2025-09-11 07:24:36,561 - INFO - 💾 Progress saved - Page 337
2025-09-11 07:24:36,561 - INFO - ⏰ Waiting 20 minutes for next batch...
2025-09-11 07:24:36,561 - INFO - ⏰ Next run at: 07:44:36
2025-09-11 07:29:37,623 - INFO - ⏰ 15 minutes until next batch
2025-09-11 07:34:37,687 - INFO - ⏰ 10 minutes until next batch
2025-09-11 07:39:37,754 - INFO - ⏰ 5 minutes until next batch
2025-09-11 07:44:36,816 - INFO - 🔄 Starting extraction cycle
2025-09-11 07:44:36,816 - INFO - 📊 Progress: Page 337/407
2025-09-11 07:44:36,816 - INFO - 📊 Concepts extracted: 22
2025-09-11 07:44:36,816 - INFO - 📊 Batch: 16
2025-09-11 07:44:36,817 - INFO - 🔄 Starting batch 16 from page 337
2025-09-11 07:44:42,825 - WARNING - ⚠️  Failed to extract concept from page 337
2025-09-11 07:44:50,089 - WARNING - ⚠️  Failed to extract concept from page 338
2025-09-11 07:44:57,099 - WARNING - ⚠️  Failed to extract concept from page 339
2025-09-11 07:45:03,928 - WARNING - ⚠️  Failed to extract concept from page 340
2025-09-11 07:45:11,775 - WARNING - ⚠️  Failed to extract concept from page 341
2025-09-11 07:45:18,981 - WARNING - ⚠️  Failed to extract concept from page 342
2025-09-11 07:45:25,968 - WARNING - ⚠️  Failed to extract concept from page 343
2025-09-11 07:45:32,831 - WARNING - ⚠️  Failed to extract concept from page 344
2025-09-11 07:45:41,084 - WARNING - ⚠️  Failed to extract concept from page 345
2025-09-11 07:45:48,071 - WARNING - ⚠️  Failed to extract concept from page 346
2025-09-11 07:45:54,883 - WARNING - ⚠️  Failed to extract concept from page 347
2025-09-11 07:46:01,604 - WARNING - ⚠️  Failed to extract concept from page 348
2025-09-11 07:46:10,087 - WARNING - ⚠️  Failed to extract concept from page 349
2025-09-11 07:46:17,064 - WARNING - ⚠️  Failed to extract concept from page 350
2025-09-11 07:46:24,139 - WARNING - ⚠️  Failed to extract concept from page 351
2025-09-11 07:46:31,032 - WARNING - ⚠️  Failed to extract concept from page 352
2025-09-11 07:46:39,214 - WARNING - ⚠️  Failed to extract concept from page 353
2025-09-11 07:46:46,225 - WARNING - ⚠️  Failed to extract concept from page 354
2025-09-11 07:46:52,887 - INFO - ✅ Extracted: std::vector push_back and emplace_back Operations
2025-09-11 07:46:59,745 - WARNING - ⚠️  Failed to extract concept from page 356
2025-09-11 07:47:01,745 - INFO - ✅ Batch complete: 1 concepts in 0:02:24.928514
2025-09-11 07:47:01,746 - INFO - 💾 Progress saved - Page 357
2025-09-11 07:47:01,746 - INFO - ⏰ Waiting 20 minutes for next batch...
2025-09-11 07:47:01,746 - INFO - ⏰ Next run at: 08:07:01
2025-09-11 07:52:02,791 - INFO - ⏰ 15 minutes until next batch
                                                                 