================================================================================
🔍 COMPREHENSIVE DATASET AUDIT - V2 Model
================================================================================

📂 Loading datasets...
✅ Loaded 11225 training examples
✅ Loaded 1248 validation examples

================================================================================
📊 CALIBRATION ANALYSIS
================================================================================
Total examples: 11225
Calibration examples: 388
Actual percentage: 3.46%
Expected percentage: 7.00%
Gap: 3.54%
⚠️  WARNING: Calibration percentage below optimal range (5-10%)

Sample calibration questions:
  Q: What's wrong with my class?...
  A: I need to see your class definition to identify issues. Could you prov...

  Q: How do I optimize this code?...
  A: I'd be glad to help with code optimization, but I need to see the actu...

  Q: What's wrong with my class?...
  A: I need to see your class definition to identify issues. Could you prov...

================================================================================
📊 QUESTION DIVERSITY ANALYSIS
================================================================================
Total questions: 11225
Unique questions: 7542
Uniqueness: 67.2%
Duplicate questions: 2121

Top duplicate questions:
  [46x] What's wrong with my class?...
  [46x] What company should I work for as a C++ developer?...
  [46x] Will this cause a memory leak?...
  [45x] Should I learn C++ or Python first?...
  [45x] Should I always use const?...

Top question patterns:
  'Show me a...': 1093 variations
  'Show me the...': 1078 variations
  'What is the...': 1073 variations
  'Can you explain...': 700 variations
  'Give me a...': 680 variations

================================================================================
📊 SEMANTIC ALIGNMENT ANALYSIS
================================================================================
Total Q&A pairs checked: 11225
Potential misalignments: 557
Misalignment rate: 4.96%

⚠️  WARNING: Found semantic misalignments

Examples of misaligned Q&A pairs:
  Category: memory
  Q: briefly explain constructor implementation and memory initialization i...
  A: in the c++ object model, constructors are responsible for initializing...

  Category: implementation
  Q: demonstrate implementation of noexcept in c++ copy constructors with c...
  A: ```cpp
#include <locale>
#include <iostream>
int main() {
    std::loc...

  Category: compiler
  Q: show me the syntax of compile-time polymorphism with `std::invoke` and...
  A: std::invoke(callable_object, args...)...

  Category: compiler
  Q: show me the syntax of static_assert for compile-time assertions...
  A: static_assert(condition, message);...

  Category: implementation
  Q: what is implementation of the bitwise and operator in c++?...
  A: the bitwise and operator (&) in c++ performs a binary operation on int...


================================================================================
📊 ANSWER REUSE ANALYSIS
================================================================================
Unique answers: 3357
Answers reused for different questions: 1905

⚠️  WARNING: Same answers used for different questions

Top reused answers:
  Answer: Return Value Optimization (RVO) and its more specific variant, Named Return Value Optimization (NRVO...
  Used for 115 different questions:
    - Explain Return Value Optimization (RVO) and Named Return Value Optimization (NRV...
    - What is Return Value Optimization (RVO) and Named Return Value Optimization (NRV...
    - What is Return Value Optimization (RVO) and Named Return Value Optimization (NRV...

  Answer: Return Value Optimization (RVO) and its more specific form, Named Return Value Optimization (NRVO), ...
  Used for 53 different questions:
    - What is Return Value Optimization (RVO) and Named Return Value Optimization (NRV...
    - Explain Return Value Optimization (RVO) and Named Return Value Optimization (NRV...
    - Give me a quick summary of Return Value Optimization (RVO) and Named Return Valu...

  Answer: Smart pointers in C++ are template classes that manage dynamic memory automatically, ensuring proper...
  Used for 36 different questions:
    - Explain Smart Pointers and RAII (Resource Acquisition Is Initialization) in C++...
    - What is Smart Pointers (std::unique_ptr and std::shared_ptr)?...
    - Give me a quick summary of Smart Pointers (std::unique_ptr and std::shared_ptr)...


================================================================================
📋 AUDIT SUMMARY
================================================================================
⚠️  ISSUES FOUND:
  ❌ Calibration percentage (3.46%) outside optimal range (5-10%)
  ❌ Low question uniqueness (67.2%)
  ❌ Excessive answer reuse (1905 cases)

🔧 ACTION REQUIRED: Dataset needs to be regenerated with fixes

================================================================================
Audit complete!
================================================================================
