2025-08-19 01:10:29 - INFO - 📝 Logging to: /home/shahar42/Suumerizing_C_holy_grale_book/logs/cpp_extraction_20250819_011029.log
2025-08-19 01:10:29 - INFO - 🤖 C++ Extraction Automator initialized
2025-08-19 01:10:29 - INFO - 📄 Script: /home/shahar42/Suumerizing_C_holy_grale_book/books/extract_cpp_standard.py
2025-08-19 01:10:29 - INFO - 📁 Output: /home/shahar42/Suumerizing_C_holy_grale_book/outputs/cpp_standard
2025-08-19 01:10:29 - INFO - 🎯 Starting automated C++ extraction (13-minute intervals)
2025-08-19 01:10:29 - INFO - 🛑 Press Ctrl+C for graceful shutdown
2025-08-19 01:10:29 - INFO - 🚀 Starting extraction session #1
2025-08-19 01:10:49 - ERROR - ❌ Extraction failed with return code 1
2025-08-19 01:10:49 - ERROR - ❌ Error output: Traceback (most recent call last):
  File "/home/shahar42/Suumerizing_C_holy_grale_book/venv/lib/python3.12/site-packages/urllib3/connectionpool.py", line 534, in _make_request
    response = conn.getresponse()
               ^^^^^^^^^^^^^^^^^^
  File "/home/shahar42/Suumerizing_C_holy_grale_book/venv/lib/python3.12/site-packages/urllib3/connection.py", line 565, in getresponse
    httplib_response = super().getresponse()
                       ^^^^^^^^^^^^^^^^^^^^^
  File "/usr/lib/python3.12/http/client.py", line 1428, in getresponse
    response.begin()
  File "/usr/lib/python3.12/http/client.py", line 331, in begin
    version, status, reason = self._read_status()
                              ^^^^^^^^^^^^^^^^^^^
  File "/usr/lib/python3.12/http/client.py", line 292, in _read_status
    line = str(self.fp.readline(_MAXLINE + 1), "iso-8859-1")
               ^^^^^^^^^^^^^^^^^^^^^^^^^^^^^^
  File "/usr/lib/python3.12/socket.py", line 707, in readinto
    return self._sock.recv_into(b)
           ^^^^^^^^^^^^^^^^^^^^^^^
  File "/usr/lib/python3.12/ssl.py", line 1252, in recv_into
    return self.read(nbytes, buffer)
           ^^^^^^^^^^^^^^^^^^^^^^^^^
  File "/usr/lib/python3.12/ssl.py", line 1104, in read
    return self._sslobj.read(len, buffer)
           ^^^^^^^^^^^^^^^^^^^^^^^^^^^^^^
TimeoutError: The read operation timed out

The above exception was the direct cause of the following exception:

Traceback (most recent call last):
  File "/home/shahar42/Suumerizing_C_holy_grale_book/venv/lib/python3.12/site-packages/requests/adapters.py", line 486, in send
    resp = conn.urlopen(
           ^^^^^^^^^^^^^
  File "/home/shahar42/Suumerizing_C_holy_grale_book/venv/lib/python3.12/site-packages/urllib3/connectionpool.py", line 841, in urlopen
    retries = retries.increment(
              ^^^^^^^^^^^^^^^^^^
  File "/home/shahar42/Suumerizing_C_holy_grale_book/venv/lib/python3.12/site-packages/urllib3/util/retry.py", line 474, in increment
    raise reraise(type(error), error, _stacktrace)
          ^^^^^^^^^^^^^^^^^^^^^^^^^^^^^^^^^^^^^^^^
  File "/home/shahar42/Suumerizing_C_holy_grale_book/venv/lib/python3.12/site-packages/urllib3/util/util.py", line 39, in reraise
    raise value
  File "/home/shahar42/Suumerizing_C_holy_grale_book/venv/lib/python3.12/site-packages/urllib3/connectionpool.py", line 787, in urlopen
    response = self._make_request(
               ^^^^^^^^^^^^^^^^^^^
  File "/home/shahar42/Suumerizing_C_holy_grale_book/venv/lib/python3.12/site-packages/urllib3/connectionpool.py", line 536, in _make_request
    self._raise_timeout(err=e, url=url, timeout_value=read_timeout)
  File "/home/shahar42/Suumerizing_C_holy_grale_book/venv/lib/python3.12/site-packages/urllib3/connectionpool.py", line 367, in _raise_timeout
    raise ReadTimeoutError(
urllib3.exceptions.ReadTimeoutError: HTTPSConnectionPool(host='api.x.ai', port=443): Read timed out. (read timeout=10)

During handling of the above exception, another exception occurred:

Traceback (most recent call last):
  File "/home/shahar42/Suumerizing_C_holy_grale_book/books/extract_cpp_standard.py", line 478, in <module>
    main()
  File "/home/shahar42/Suumerizing_C_holy_grale_book/books/extract_cpp_standard.py", line 471, in main
    engine = CppExpertExtractionEngine(pdf_path, output_dir)
             ^^^^^^^^^^^^^^^^^^^^^^^^^^^^^^^^^^^^^^^^^^^^^^^
  File "/home/shahar42/Suumerizing_C_holy_grale_book/books/extract_cpp_standard.py", line 123, in __init__
    self.model_rotator = MultiModelRotator()
                         ^^^^^^^^^^^^^^^^^^^
  File "/home/shahar42/Suumerizing_C_holy_grale_book/books/extract_cpp_standard.py", line 82, in __init__
    self.processors["grok"] = GrokAtomicProcessor(grok_key)
                              ^^^^^^^^^^^^^^^^^^^^^^^^^^^^^
  File "/home/shahar42/Suumerizing_C_holy_grale_book/processors/grok_processor.py", line 30, in __init__
    self._test_connection()
  File "/home/shahar42/Suumerizing_C_holy_grale_book/processors/grok_processor.py", line 59, in _test_connection
    response = requests.post(
               ^^^^^^^^^^^^^^
  File "/home/shahar42/Suumerizing_C_holy_grale_book/venv/lib/python3.12/site-packages/requests/api.py", line 115, in post
    return request("post", url, data=data, json=json, **kwargs)
           ^^^^^^^^^^^^^^^^^^^^^^^^^^^^^^^^^^^^^^^^^^^^^^^^^^^^
  File "/home/shahar42/Suumerizing_C_holy_grale_book/venv/lib/python3.12/site-packages/requests/api.py", line 59, in request
    return session.request(method=method, url=url, **kwargs)
           ^^^^^^^^^^^^^^^^^^^^^^^^^^^^^^^^^^^^^^^^^^^^^^^^^
  File "/home/shahar42/Suumerizing_C_holy_grale_book/venv/lib/python3.12/site-packages/requests/sessions.py", line 589, in request
    resp = self.send(prep, **send_kwargs)
           ^^^^^^^^^^^^^^^^^^^^^^^^^^^^^^
  File "/home/shahar42/Suumerizing_C_holy_grale_book/venv/lib/python3.12/site-packages/requests/sessions.py", line 703, in send
    r = adapter.send(request, **kwargs)
        ^^^^^^^^^^^^^^^^^^^^^^^^^^^^^^^
  File "/home/shahar42/Suumerizing_C_holy_grale_book/venv/lib/python3.12/site-packages/requests/adapters.py", line 532, in send
    raise ReadTimeout(e, request=request)
requests.exceptions.ReadTimeout: HTTPSConnectionPool(host='api.x.ai', port=443): Read timed out. (read timeout=10)

2025-08-19 01:10:49 - WARNING - ⚠️ Extraction failed, but continuing...
2025-08-19 01:10:49 - INFO - ⏳ Waiting 13 minutes until next extraction...
2025-08-19 01:11:20 - INFO - 🛑 Received signal 15, shutting down gracefully...
