2025-08-19 01:03:36 - INFO - 📝 Logging to: /home/shahar42/Suumerizing_C_holy_grale_book/logs/cpp_extraction_20250819_010336.log
2025-08-19 01:03:36 - INFO - 🤖 C++ Extraction Automator initialized
2025-08-19 01:03:36 - INFO - 📄 Script: /home/shahar42/Suumerizing_C_holy_grale_book/books/extract_cpp_standard.py
2025-08-19 01:03:36 - INFO - 📁 Output: /home/shahar42/Suumerizing_C_holy_grale_book/outputs/cpp_standard
2025-08-19 01:03:36 - INFO - 🎯 Starting automated C++ extraction (13-minute intervals)
2025-08-19 01:03:36 - INFO - 🛑 Press Ctrl+C for graceful shutdown
2025-08-19 01:03:36 - INFO - 🚀 Starting extraction session #1
2025-08-19 01:03:36 - ERROR - ❌ Extraction failed with return code 1
2025-08-19 01:03:36 - ERROR - ❌ Error output: Traceback (most recent call last):
  File "/home/shahar42/Suumerizing_C_holy_grale_book/books/extract_cpp_standard.py", line 26, in <module>
    from core.progress_tracker import ProgressTracker
ModuleNotFoundError: No module named 'core'

2025-08-19 01:03:36 - WARNING - ⚠️ Extraction failed, but continuing...
2025-08-19 01:03:36 - INFO - ⏳ Waiting 13 minutes until next extraction...
2025-08-19 01:06:06 - INFO - 🛑 Received signal 15, shutting down gracefully...
2025-08-19 01:06:06 - INFO - 🛑 Shutdown requested during wait period
2025-08-19 01:06:06 - INFO - 🏁 Automation Complete
2025-08-19 01:06:06 - INFO -    ⏱️  Total runtime: 0:02:30.060733
2025-08-19 01:06:06 - INFO -    🔄 Extraction sessions: 0
2025-08-19 01:06:06 - INFO -    🧠 Total concepts extracted: 6
2025-08-19 01:06:06 - INFO -    📖 Final page: 40
