✅ Grok API key loaded successfully (length: 84 chars)
🤖 Grok AI initialized successfully
🏛️  Operating Systems Archaeological Extraction Engine Initialized
📚 Source: /home/shahar42/Suumerizing_C_holy_grale_book/Operating Systems - Three Easy Pieces.pdf
📁 Output: /home/shahar42/Suumerizing_C_holy_grale_book/outputs/os_three_pieces
📊 Previous progress: 37 concepts extracted

🔍 Starting Operating Systems extraction session...
📖 Extracting OS content from page 151...
🧠 Detected 74 potential OS atomic concepts

⚡ Processing OS concept 1/4...
Full Grok response: {
  "topic": "realloc Function",
  "explanation": "The realloc() function in C is used to dynamically resize a block of memory that was previously allocated with malloc(), calloc(), or realloc() itself. It is essential for efficient memory management, allowing programs to adjust memory sizes as needed without losing existing data, which helps in optimizing space and handling variable data sizes in applications like dynamic arrays.",
  "syntax": "void *realloc(void *ptr, size_t new_size);",
  "code_example": [
    "#include <stdio.h>",
    "#include <stdlib.h>",
    "",
    "int main() {",
    "    int *arr = (int*)malloc(5 * sizeof(int));  // Allocate initial memory for 5 integers",
    "    if (arr == NULL) {",
    "        printf(\"Allocation failed\\n\");",
    "        return 1;",
    "    }",
    "",
    "    for(int i = 0; i < 5; i++) {",
    "        arr[i] = i;  // Initialize the first 5 elements",
    "    }",
    "",
    "    arr = (int*)realloc(arr, 10 * sizeof(int));  // Resize to hold 10 integers",
    "    if (arr == NULL) {",
    "        printf(\"Reallocation failed\\n\");",
    "        return 1;",
    "    }",
    "",
    "    for(int i = 5; i < 10; i++) {",
    "        arr[i] = i;  // Initialize the new elements",
    "    }",
    "",
    "    for(int i = 0; i < 10; i++) {",
    "        printf(\"%d \", arr[i]);  // Print the array",
    "    }",
    "    printf(\"\\n\");",
    "",
    "    free(arr);  // Free the memory",
    "    return 0;",
    "}"
  ],
  "example_explanation": "This example demonstrates the realloc() function by first allocating memory for an array of 5 integers using malloc(), initializing those elements, then resizing the array to hold 10 integers with realloc(). The original data is preserved, and new elements are initialized, showing how realloc() efficiently adjusts memory size while maintaining existing content, as evidenced by printing the full array."
}
Response length: 1934
✅ Saved OS concept: realloc Function

⚡ Processing OS concept 2/4...
Full Grok response: {
  "topic": "Integer Literal in C",
  "explanation": "An integer literal is a constant numeric value used directly in C code to represent whole numbers, such as 3. It is used to initialize variables, perform arithmetic operations, and provide immediate values in expressions, making code concise and readable without needing variables for every number.",
  "syntax": "int variable = integer_value; // e.g., int x = 3;",
  "code_example": [
    "#include <stdio.h>",
    "",
    "int main() {",
    "    int x = 3;  // Using the integer literal 3",
    "    printf(\"%d\\n\", x);",
    "    return 0;",
    "}"
  ],
  "example_explanation": "This program declares an integer variable x and initializes it with the integer literal 3. It then prints the value of x using printf, demonstrating how an integer literal provides a direct numeric value for variable initialization and usage in output."
}
Response length: 897
✅ Saved OS concept: Integer Literal in C

⚡ Processing OS concept 3/4...
Full Grok response: {
  "topic": "Address Translation",
  "explanation": "In C programming, address translation refers to the process of mapping a variable's memory address to allow indirect access and manipulation, typically using pointers. This concept is used to efficiently manage memory, enable dynamic data structures, and perform operations like passing variables by reference, making programs more flexible and performant while adhering to hardware memory models.",
  "syntax": "data_type *pointer_name;",
  "code_example": [
    "#include <stdio.h>",
    "int main() {",
    "    int var = 10;  // Declare and initialize a variable",
    "    int *ptr = &var;  // Pointer holds the address of var",
    "    printf(\"Address of var: %p\\n\", (void*)ptr);  // Print the address",
    "    printf(\"Value at address: %d\\n\", *ptr);  // Access value via pointer",
    "    return 0;",
    "}"
  ],
  "example_explanation": "This code demonstrates address translation by declaring an integer variable 'var' and a pointer 'ptr' that stores the memory address of 'var'. When we print the address using 'ptr' and access the value with '*ptr', it shows how C translates the pointer to the actual memory location, allowing indirect access to the variable's value."
}
Response length: 1247
✅ Saved OS concept: Address Translation

⚡ Processing OS concept 4/4...
Full Grok response: {
  "topic": "Address Translation",
  "explanation": "Address translation is a hardware mechanism that converts a virtual address used by a program into a physical address in actual memory. In C programming, this concept is indirectly demonstrated through pointers, where the addresses manipulated are virtual ones handled by the operating system. It's used to enable efficient memory virtualization, allowing multiple programs to share physical memory safely while maintaining the illusion of private memory space.",
  "syntax": "*ptr  // Dereferences a pointer to access the value at the virtual address",
  "code_example": [
    "#include <stdio.h>",
    "",
    "int main() {",
    "    int var = 10;  // Declare and initialize a variable",
    "    int *ptr = &var;  // Pointer holds the address of var",
    "    printf(\"Value at address: %d\\n\", *ptr);  // Dereference pointer to access value",
    "    return 0;",
    "}"
  ],
  "example_explanation": "This program declares an integer variable 'var' and a pointer 'ptr' that points to 'var's address. When the pointer is dereferenced in printf, it accesses the value at that address, illustrating how C uses virtual addresses (which the OS translates to physical ones) to manipulate memory, demonstrating the core idea of address translation in a simple, controlled context."
}
Response length: 1339
✅ Saved OS concept: Address Translation
📋 OS daily summary saved: os_daily_summary_2025-07-20.md

📊 OS session complete: 4 atomic concepts extracted
📈 Total OS progress: 41 concepts

⏳ Run OS script again tomorrow to continue extraction...
