✅ Grok API key loaded successfully (length: 84 chars)
🤖 Grok AI initialized successfully
🏛️  Operating Systems Archaeological Extraction Engine Initialized
📚 Source: /home/shahar42/Suumerizing_C_holy_grale_book/Operating Systems - Three Easy Pieces.pdf
📁 Output: /home/shahar42/Suumerizing_C_holy_grale_book/outputs/os_three_pieces
📊 Previous progress: 30 concepts extracted

🔍 Starting Operating Systems extraction session...
📖 Extracting OS content from page 121...
🧠 Detected 50 potential OS atomic concepts

⚡ Processing OS concept 1/4...
Full Grok response: {
  "topic": "Typedef for Struct in C",
  "explanation": "Typedef for a struct in C is a way to create an alias for a complex data type, such as a structure, to make the code more readable and easier to maintain. It is used to simplify type declarations, especially in data structures like linked lists, by avoiding the need to repeatedly write 'struct' before the type name.",
  "syntax": "typedef struct StructName { members } AliasName;",
  "code_example": [
    "#include <stdio.h>",
    "",
    "typedef struct __Node_t {",
    "    int value;",
    "    struct __Node_t *next;",
    "} Node_t;",
    "",
    "int main() {",
    "    Node_t exampleNode;  // Declare a variable using the typedef alias",
    "    return 0;",
    "}"
  ],
  "example_explanation": "This example defines a struct for a linked list node using typedef, creating an alias 'Node_t'. In the main function, it demonstrates the concept by declaring a variable of type Node_t, showing how the alias simplifies usage without needing to specify 'struct __Node_t'."
}
Response length: 1041
✅ Saved OS concept: Typedef for Struct in C

⚡ Processing OS concept 2/4...
Full Grok response: {
  "topic": "Mutex Locking for Thread Synchronization",
  "explanation": "A mutex (mutual exclusion) is a synchronization mechanism in C that allows only one thread to access a shared resource at a time, preventing race conditions and ensuring data integrity in multi-threaded programs. It is used to protect critical sections of code from concurrent access, avoiding issues like data corruption or double-free errors in scenarios involving shared data structures.",
  "syntax": "pthread_mutex_lock(&mutex); pthread_mutex_unlock(&mutex);",
  "code_example": [
    "#include <stdio.h>",
    "#include <pthread.h>",
    "",
    "pthread_mutex_t mutex = PTHREAD_MUTEX_INITIALIZER;",
    "",
    "void *thread_function(void *arg) {",
    "    pthread_mutex_lock(&mutex);",
    "    printf(\"Thread has acquired the mutex and is in the critical section.\\n\");",
    "    pthread_mutex_unlock(&mutex);",
    "    return NULL;",
    "}",
    "",
    "int main() {",
    "    pthread_t thread;",
    "    pthread_create(&thread, NULL, thread_function, NULL);",
    "    pthread_mutex_lock(&mutex);",
    "    printf(\"Main thread has acquired the mutex and is in the critical section.\\n\");",
    "    pthread_mutex_unlock(&mutex);",
    "    pthread_join(thread, NULL);",
    "    return 0;",
    "}"
  ],
  "example_explanation": "This example demonstrates mutex locking by having two threads (main and another) attempt to access a critical section. The main thread locks the mutex first, prints a message, and unlocks it. The second thread then locks, prints, and unlocks, showing that the mutex ensures only one thread executes the critical section at a time, thus preventing concurrent access issues."
}
Response length: 1703
✅ Saved OS concept: Mutex Locking for Thread Synchronization

⚡ Processing OS concept 3/4...
Full Grok response: {
  "topic": "Cache Affinity",
  "explanation": "Cache affinity is the concept where a process performs better when scheduled on the same CPU core it previously ran on, because its data and state remain in that CPU's cache and TLB (Translation Lookaside Buffer). It is used in multiprocessor systems to optimize performance by reducing the time needed to reload data from main memory, as switching CPUs would require reloading due to cache misses, despite hardware ensuring correct execution through cache coherence protocols.",
  "syntax": "N/A",
  "code_example": [
    "#include <stdio.h>",
    "",
    "int main() {",
    "    // This program simulates awareness of cache affinity by printing a message",
    "    printf(\"Demonstrating cache affinity: Running on the same CPU improves performance.\\n\");",
    "    return 0;",
    "}"
  ],
  "example_explanation": "This simple C program prints a message about cache affinity, illustrating the concept by highlighting its purpose in a comment and output. It does not perform actual CPU scheduling or affinity setting, focusing solely on the idea that keeping a process on the same CPU can enhance speed, as explained in the concept definition."
}
Response length: 1202
✅ Saved OS concept: Cache Affinity

⚡ Processing OS concept 4/4...
Full Grok response: {
  "topic": "Single Queue Scheduling",
  "explanation": "Single Queue Scheduling is a simple approach for managing jobs in a multiprocessor system by placing all jobs into one queue. It is used for its ease of implementation, allowing existing single-processor scheduling policies to be adapted for multiple CPUs with minimal changes, as it centralizes job management and selection.",
  "syntax": "void enqueue(Queue* q, int jobId); void dequeue(Queue* q);",
  "code_example": [
    "#include <stdio.h>",
    "",
    "typedef struct Queue {",
    "    int items[5];  // Array to hold up to 5 jobs",
    "    int front;",
    "    int rear;",
    "} Queue;",
    "",
    "void enqueue(Queue* q, int jobId) {",
    "    if (q->rear == 5) {",
    "        printf(\"Queue full\\n\");",
    "        return;",
    "    }",
    "    q->items[q->rear++] = jobId;",
    "}",
    "",
    "int dequeue(Queue* q) {",
    "    if (q->front == q->rear) {",
    "        printf(\"Queue empty\\n\");",
    "        return -1;  // Error value",
    "    }",
    "    return q->items[q->front++];",
    "}",
    "",
    "int main() {",
    "    Queue q;",
    "    q.front = 0;",
    "    q.rear = 0;",
    "    enqueue(&q, 1);  // Add job 1 to the queue",
    "    enqueue(&q, 2);  // Add job 2 to the queue",
    "    printf(\"Dequeued job: %d\\n\", dequeue(&q));  // Remove and 'schedule' job 1",
    "    printf(\"Dequeued job: %d\\n\", dequeue(&q));  // Remove and 'schedule' job 2",
    "    return 0;",
    "}"
  ],
  "example_explanation": "This example demonstrates Single Queue Scheduling by implementing a basic queue structure in C. It adds two jobs (1 and 2) to the queue using enqueue, then removes them using dequeue, simulating how jobs are managed in a single queue for scheduling. This shows the simplicity of adding and selecting jobs from one centralized queue, as described in the concept."
}
Response length: 1897
✅ Saved OS concept: Single Queue Scheduling
📋 OS daily summary saved: os_daily_summary_2025-07-19.md

📊 OS session complete: 4 atomic concepts extracted
📈 Total OS progress: 34 concepts

⏳ Run OS script again tomorrow to continue extraction...
✅ Grok API key loaded successfully (length: 84 chars)
🤖 Grok AI initialized successfully
🏛️  Operating Systems Archaeological Extraction Engine Initialized
📚 Source: /home/shahar42/Suumerizing_C_holy_grale_book/Operating Systems - Three Easy Pieces.pdf
📁 Output: /home/shahar42/Suumerizing_C_holy_grale_book/outputs/os_three_pieces
📊 Previous progress: 34 concepts extracted

🔍 Starting Operating Systems extraction session...
📖 Extracting OS content from page 136...
🧠 Detected 69 potential OS atomic concepts

⚡ Processing OS concept 1/4...
Full Grok response: {
  "topic": "Address Spaces",
  "explanation": "Address spaces refer to the virtual memory range allocated to a process, allowing it to operate in isolation from other processes and the operating system. In C programming, this concept is demonstrated through pointers and memory management, ensuring that one program's memory usage does not affect others, which promotes system reliability and prevents errors or crashes.",
  "syntax": "type *pointer_name;",
  "code_example": [
    "#include <stdio.h>",
    "int main() {",
    "    int var = 10;  // Declare a variable",
    "    int *ptr = &var;  // Pointer to the variable's address",
    "    printf(\"Address: %p\\n\", (void*)ptr);  // Print the address",
    "    return 0;",
    "}"
  ],
  "example_explanation": "This example declares an integer variable and a pointer that holds its memory address, demonstrating address spaces by showing how C uses pointers to reference a specific location in the process's virtual memory, thereby illustrating isolation as the pointer operates within the program's own address space without affecting external entities."
}
Response length: 1119
✅ Saved OS concept: Address Spaces

⚡ Processing OS concept 2/4...
Full Grok response: {
  "topic": "Dynamic Memory Allocation",
  "explanation": "Dynamic memory allocation in C refers to the process of allocating memory at runtime rather than at compile time, allowing programs to request and manage memory as needed. It is used to handle situations where the amount of memory required is not known in advance, improving flexibility and efficiency in programs, such as in data structures or when dealing with variable-sized inputs.",
  "syntax": "void* malloc(size_t size);",
  "code_example": [
    "#include <stdio.h>",
    "#include <stdlib.h>",
    "int main() {",
    "    int* dynamicArray;",
    "    int size = 5;  // Example size",
    "    dynamicArray = (int*) malloc(size * sizeof(int));",  // Allocate memory",
    "    if (dynamicArray == NULL) {",
    "        printf(\"Memory allocation failed\\n\");",
    "        return 1;",
    "    }",
    "    for(int i = 0; i < size; i++) {",
    "        dynamicArray[i] = i * 2;  // Use the allocated memory",
    "    }",
    "    printf(\"Allocated and initialized array: %d\\n\", dynamicArray[0]);",  // Demonstrate usage",
    "    free(dynamicArray);  // Free the allocated memory",
    "    return 0;",
    "}"
  ],
  "example_explanation": "This example demonstrates dynamic memory allocation by using malloc to request memory for an array at runtime. It checks if the allocation was successful, initializes the memory, uses it to store values, and then frees it with free to prevent memory leaks, showing how C programs can manage memory dynamically to mimic aspects of virtual memory handling."
}
Response length: 1578
Failed to parse JSON: Expecting value: line 11 column 63 (char 717)
Response was: {
  "topic": "Dynamic Memory Allocation",
  "explanation": "Dynamic memory allocation in C refers to the process of allocating memory at runtime rather than at compile time, allowing programs to request and manage memory as needed. It is used to handle situations where the amount of memory required is not known in advance, improving flexibility and efficiency in programs, such as in data structures or when dealing with variable-sized inputs.",
  "syntax": "void* malloc(size_t size);",
  "code_ex...
Error processing concept: 'NoneType' object does not support item assignment
❌ Failed to process OS concept

⚡ Processing OS concept 3/4...
Full Grok response: {
  "topic": "Virtual Memory Transparency",
  "explanation": "Virtual memory transparency is a key concept where the operating system makes virtual memory invisible to running programs, allowing them to behave as if they have their own private physical memory. It is used to create an illusion that simplifies programming by hiding the complexities of memory multiplexing, enabling efficient and isolated execution without the program needing to be aware of the underlying hardware mechanisms.",
  "syntax": "*ptr = value;  // Example of memory access pattern",
  "code_example": [
    "#include <stdio.h>",
    "int main() {",
    "    int var = 10;  // A simple variable representing memory access",
    "    int *ptr = &var;  // Pointer to demonstrate indirect memory reference",
    "    *ptr = 20;  // Modify memory through the pointer",
    "    printf(\"%d\\n\", var);  // Output the result",
    "    return 0;",
    "}"
  ],
  "example_explanation": "This program demonstrates memory transparency by using a pointer to access and modify a variable indirectly, similar to how virtual memory allows programs to interact with memory without awareness of the OS's virtualization. The pointer (*ptr) abstracts the direct memory location, showing how changes affect the original variable, while keeping the code simple and focused on this concept."
}
Response length: 1353
✅ Saved OS concept: Virtual Memory Transparency

⚡ Processing OS concept 4/4...
Full Grok response: {
  "topic": "Integer Literal",
  "explanation": "An integer literal in C is a constant value that represents an integer number directly in the code. It is used to provide fixed numeric values for variables, expressions, or operations, making it easier to write straightforward and readable programs without needing variables for every number.",
  "syntax": "123  // decimal integer literal",
  "code_example": [
    "#include <stdio.h>",
    "int main() {",
    "    int number = 3;  // 3 is an integer literal",
    "    printf(\"%d\\n\", number);",
    "    return 0;",
    "}"
  ],
  "example_explanation": "This program declares an integer variable 'number' and assigns it the value of the integer literal 3. It then prints this value using printf, demonstrating how an integer literal provides a direct, constant integer value that can be used in assignments and expressions."
}
Response length: 884
✅ Saved OS concept: Integer Literal
📋 OS daily summary saved: os_daily_summary_2025-07-19.md

📊 OS session complete: 3 atomic concepts extracted
📈 Total OS progress: 37 concepts

⏳ Run OS script again tomorrow to continue extraction...
