✅ Grok API key loaded successfully (length: 84 chars)
🤖 Grok AI initialized successfully
🏛️  UNIX Environment Archaeological Extraction Engine Initialized
📚 Source: /home/shahar42/Suumerizing_C_holy_grale_book/Advanced Programming in the UNIX Environment 3rd Edition.pdf
📁 Output: /home/shahar42/Suumerizing_C_holy_grale_book/outputs/unix_env
📊 Previous progress: 47 concepts extracted

🔍 Starting UNIX environment extraction session...
📖 Extracting UNIX content from page 195...
🧠 Detected 65 potential UNIX atomic concepts

⚡ Processing UNIX concept 1/4...
Full Grok response: {
  "topic": "Formatted Output in C",
  "explanation": "Formatted output in C refers to the ability to display data in a controlled and readable format using functions like printf. It is used to specify how numbers, strings, and other data types should be presented, such as adding padding, precision, or formatting for readability, which makes programs more user-friendly and professional.",
  "syntax": "int printf(const char *format, ...);",
  "code_example": [
    "#include <stdio.h>",
    "int main() {",
    "    printf(\"Hello, World!\\n\");",
    "    return 0;",
    "}"
  ],
  "example_explanation": "This program demonstrates formatted output by using printf to display the string 'Hello, World!' on the console. The format string specifies the exact text to output, showing how printf formats and prints data without any additional processing or variables."
}
Response length: 872
✅ Saved UNIX concept: Formatted Output in C

⚡ Processing UNIX concept 2/4...
Full Grok response: {
  "topic": "vprintf Function",
  "explanation": "vprintf is a function in C that prints formatted output to the standard output stream, similar to printf, but it uses a va_list to handle variable arguments. It is used in scenarios where arguments have already been collected into a va_list, such as in wrapper functions or when processing variable arguments dynamically, allowing for more modular and reusable code without directly passing multiple arguments.",
  "syntax": "int vprintf(const char *restrict format, va_list arg);",
  "code_example": [
    "#include <stdarg.h>",
    "#include <stdio.h>",
    "",
    "void my_printf(const char *format, ...);",
    "int main() {",
    "    my_printf(\"Hello, %s!\\n\", \"World\");",
    "    return 0;",
    "}",
    "",
    "void my_printf(const char *format, ...) {",
    "    va_list args;",
    "    va_start(args, format);",
    "    vprintf(format, args);",
    "    va_end(args);",
    "}"
  ],
  "example_explanation": "This example defines a custom function my_printf that takes a format string and variable arguments, then uses vprintf to process the va_list and print the formatted string to the console. It demonstrates vprintf's role in handling the arguments list to output 'Hello, World!', showing how it enables flexible formatting in functions without directly using printf."
}
Response length: 1346
✅ Saved UNIX concept: vprintf Function

⚡ Processing UNIX concept 3/4...
Full Grok response: {
  "topic": "The vfprintf Function",
  "explanation": "vfprintf is a standard C function that writes formatted output to a specified file stream using a variable argument list. It is used to handle variable numbers of arguments efficiently, often as a building block for functions like printf, allowing developers to perform formatted printing without directly managing multiple parameters.",
  "syntax": "int vfprintf(FILE *restrict fp, const char *restrict format, va_list arg)",
  "code_example": [
    "#include <stdarg.h>",
    "#include <stdio.h>",
    "",
    "int my_printf(const char *format, ...);",
    "",
    "int my_printf(const char *format, ...) {",
    "    va_list args;",
    "    va_start(args, format);",
    "    int result = vfprintf(stdout, format, args);",
    "    va_end(args);",
    "    return result;",
    "}",
    "",
    "int main() {",
    "    my_printf(\"Hello, %s!\\n\", \"World\");",
    "    return 0;",
    "}"
  ],
  "example_explanation": "This example defines a simple custom function my_printf that uses vfprintf to format and print a string to the standard output. It initializes a va_list with va_start, passes it to vfprintf along with the format string and file stream (stdout), and then cleans up with va_end, demonstrating how vfprintf processes variable arguments for formatted output."
}
Response length: 1340
✅ Saved UNIX concept: The vfprintf Function

⚡ Processing UNIX concept 4/4...
Full Grok response: {
  "topic": "vsprintf Function",
  "explanation": "The vsprintf function in C is used to write formatted data to a string buffer, similar to sprintf, but it takes a va_list argument for handling variable numbers of arguments. It is primarily used in scenarios where you need to process variable arguments indirectly, such as in wrapper functions for variadic functions, to safely format strings and avoid errors in argument passing. This helps in creating more modular and reusable code for string formatting.",
  "syntax": "int vsprintf(char *restrict buf, const char *restrict format, va_list arg)",
  "code_example": [
    "#include <stdio.h>",
    "#include <stdarg.h>",
    "",
    "void my_vprint(const char *format, ...) {",
    "    va_list args;",
    "    va_start(args, format);",
    "    char buffer[100];",
    "    int result = vsprintf(buffer, format, args);",
    "    va_end(args);",
    "    printf(\"%s\\n\", buffer);",
    "    printf(\"Characters written: %d\\n\", result);",
    "}",
    "",
    "int main() {",
    "    my_vprint(\"Hello, %s! Number: %d\", \"World\", 42);",
    "    return 0;",
    "}"
  ],
  "example_explanation": "This program defines a custom function my_vprint that uses vsprintf to format a string into a buffer using a va_list. In main, my_vprint is called with variable arguments, demonstrating how vsprintf writes the formatted output to the buffer and returns the number of characters written, which is then printed to verify the result."
}
Response length: 1493
✅ Saved UNIX concept: vsprintf Function
📋 UNIX daily summary saved: unix_daily_summary_2025-07-20.md

📊 UNIX session complete: 4 atomic concepts extracted
📈 Total UNIX progress: 51 concepts

⏳ Run UNIX script again tomorrow to continue extraction...
