✅ Grok API key loaded successfully (length: 84 chars)
🤖 Grok AI initialized successfully
🏛️  UNIX Environment Archaeological Extraction Engine Initialized
📚 Source: /home/shahar42/Suumerizing_C_holy_grale_book/Advanced Programming in the UNIX Environment 3rd Edition.pdf
📁 Output: /home/shahar42/Suumerizing_C_holy_grale_book/outputs/unix_env
📊 Previous progress: 39 concepts extracted

🔍 Starting UNIX environment extraction session...
📖 Extracting UNIX content from page 165...
🧠 Detected 50 potential UNIX atomic concepts

⚡ Processing UNIX concept 1/4...
Full Grok response: {
  "topic": "fdopendir Function",
  "explanation": "The fdopendir function is used to convert an open file descriptor into a DIR structure, allowing it to be used with directory handling functions like readdir or closedir. It is particularly useful when you already have a file descriptor from opening a directory, as it provides a way to integrate low-level file operations with higher-level directory streaming, making directory reading more flexible in POSIX-compliant systems.",
  "syntax": "DIR* fdopendir(int fd)",
  "code_example": [
    "#include <stdio.h>",
    "#include <fcntl.h>",
    "#include <dirent.h>",
    "",
    "int main() {",
    "    int fd = open(\".\", O_RDONLY);",
    "    if (fd == -1) {",
    "        perror(\"open\");",
    "        return 1;",
    "    }",
    "    DIR *dir = fdopendir(fd);",
    "    if (dir == NULL) {",
    "        perror(\"fdopendir\");",
    "        return 1;",
    "    }",
    "    closedir(dir);",
    "    return 0;",
    "}"
  ],
  "example_explanation": "This program opens the current directory using the open function to get a file descriptor, then calls fdopendir to convert that descriptor into a DIR structure. It checks for errors to ensure the operations succeed and finally closes the DIR structure with closedir, demonstrating how fdopendir bridges file descriptors and directory streams without performing further directory operations."
}
Response length: 1412
✅ Saved UNIX concept: fdopendir Function

⚡ Processing UNIX concept 2/4...
Full Grok response: {
  "topic": "DIR Structure",
  "explanation": "The DIR structure is an internal data type in C, typically used in directory handling functions, to maintain information about a directory being read. It is similar to the FILE structure in standard I/O, providing a way to manage directory operations safely and abstractly, allowing programs to navigate and process directory contents without directly handling low-level details.",
  "syntax": "struct DIR;",
  "code_example": [
    "#include <dirent.h>",
    "",
    "int main() {",
    "    DIR *dir = opendir(\".\");  // Opens the current directory",
    "    if (dir != NULL) {",
    "        closedir(dir);  // Closes the directory stream",
    "    }",
    "    return 0;",
    "}"
  ],
  "example_explanation": "This example demonstrates the DIR structure by using the opendir function to obtain a pointer to a DIR object for the current directory, and then closing it with closedir. This shows how DIR serves as an opaque handle for directory operations, ensuring proper management of resources similar to FILE in file I/O."
}
Response length: 1082
✅ Saved UNIX concept: DIR Structure

⚡ Processing UNIX concept 3/4...
Full Grok response: {
  "topic": "opendir Function",
  "explanation": "The opendir function in C is used to open a directory and return a pointer to a DIR structure, which represents a directory stream. It is essential for directory operations because it initializes the stream, allowing subsequent functions like readdir to access the directory's entries in a controlled manner, making it easier to read and process files within a directory.",
  "syntax": "DIR *opendir(const char *pathname)",
  "code_example": [
    "#include <stdio.h>",
    "#include <dirent.h>",
    "",
    "int main() {",
    "    DIR *dir = opendir(\"/tmp\");  // Replace \"/tmp\" with a valid directory path",
    "    if (dir != NULL) {",
    "        printf(\"Directory opened successfully.\\n\");",
    "        closedir(dir);  // Close the directory to free resources",
    "    } else {",
    "        printf(\"Error opening directory.\\n\");",
    "    }",
    "    return 0;",
    "}"
  ],
  "example_explanation": "This example demonstrates the opendir function by attempting to open the \"/tmp\" directory. If successful, it prints a success message and immediately closes the directory using closedir to show basic usage. This illustrates how opendir initializes the DIR structure, which can then be used for further operations, while keeping the focus solely on opening the directory."
}
Response length: 1354
✅ Saved UNIX concept: opendir Function

⚡ Processing UNIX concept 4/4...
Full Grok response: {
  "topic": "Typedef for Function Pointer",
  "explanation": "Typedef is a C keyword used to create an alias for an existing data type, making code more readable and maintainable. For function pointers, it defines a new type that represents a pointer to a function with a specific signature. This is particularly useful in scenarios like callback functions, where it simplifies declaring and using function pointers without repeatedly writing the full pointer syntax.",
  "syntax": "typedef return_type (*type_name)(parameter_list);",
  "code_example": [
    "#include <stdio.h>",
    "",
    "typedef int (*Myfunc)(int, int);  // Defines a function pointer type",
    "",
    "int main() {",
    "    Myfunc funcPtr;  // Declares a variable of the new type",
    "    return 0;",
    "}"
  ],
  "example_explanation": "This program defines a typedef named Myfunc for a function pointer that points to functions taking two integers as parameters and returning an integer. In the main function, we declare a variable funcPtr of type Myfunc, which demonstrates how typedef simplifies the declaration of function pointers compared to the verbose original syntax."
}
Response length: 1163
✅ Saved UNIX concept: Typedef for Function Pointer
📋 UNIX daily summary saved: unix_daily_summary_2025-07-19.md

📊 UNIX session complete: 4 atomic concepts extracted
📈 Total UNIX progress: 43 concepts

⏳ Run UNIX script again tomorrow to continue extraction...
✅ Grok API key loaded successfully (length: 84 chars)
🤖 Grok AI initialized successfully
🏛️  UNIX Environment Archaeological Extraction Engine Initialized
📚 Source: /home/shahar42/Suumerizing_C_holy_grale_book/Advanced Programming in the UNIX Environment 3rd Edition.pdf
📁 Output: /home/shahar42/Suumerizing_C_holy_grale_book/outputs/unix_env
📊 Previous progress: 43 concepts extracted

🔍 Starting UNIX environment extraction session...
📖 Extracting UNIX content from page 180...
🧠 Detected 52 potential UNIX atomic concepts

⚡ Processing UNIX concept 1/4...
Full Grok response: {
  "topic": "setbuf Function",
  "explanation": "The setbuf function in the C standard library is used to control the buffering behavior of a file stream. It allows programmers to specify a custom buffer for the stream or disable buffering entirely, which is helpful for ensuring immediate output in applications like error handling or interactive programs, overriding the default buffering modes.",
  "syntax": "void setbuf(FILE *restrict fp, char *restrict buf)",
  "code_example": [
    "#include <stdio.h>",
    "",
    "int main() {",
    "    setbuf(stdout, NULL);  // Set stdout to unbuffered mode",
    "    printf(\"Hello, world!\\n\");",
    "    return 0;",
    "}"
  ],
  "example_explanation": "This program includes the stdio.h header and calls setbuf on stdout with a NULL buffer to disable buffering. It then uses printf to output 'Hello, world!', which demonstrates the concept by potentially flushing the output immediately without waiting for a buffer to fill, showing how setbuf controls the stream's buffering behavior."
}
Response length: 1044
✅ Saved UNIX concept: setbuf Function

⚡ Processing UNIX concept 2/4...
Full Grok response: {
  "topic": "setvbuf Function",
  "explanation": "The setvbuf function in C is a standard library function used to control the buffering mechanism for a file stream. It allows developers to specify a custom buffer, buffering mode, and size, which helps optimize input and output operations by reducing the frequency of physical I/O interactions, thereby improving program efficiency and performance.",
  "syntax": "int setvbuf(FILE *stream, char *buf, int mode, size_t size);",
  "code_example": [
    "#include <stdio.h>",
    "",
    "int main() {",
    "    FILE *fp = fopen(\"test.txt\", \"w\");",
    "    if (fp != NULL) {",
    "        char buffer[1024];  // Custom buffer",
    "        if (setvbuf(fp, buffer, _IOFBF, 1024) == 0) {  // Full buffering with size 1024",
    "            fprintf(fp, \"Hello, world!\");",
    "            fclose(fp);",
    "        } else {",
    "            printf(\"Error setting buffer.\\n\");",
    "        }",
    "    } else {",
    "        printf(\"Error opening file.\\n\");",
    "    }",
    "    return 0;",
    "}"
  ],
  "example_explanation": "This example demonstrates the setvbuf function by opening a file stream, allocating a custom buffer, and calling setvbuf to set full buffering with a specific size. It then writes to the file and closes it, showing how setvbuf configures the stream's buffering before performing I/O operations, while checking the return value to handle potential errors."
}
Response length: 1460
✅ Saved UNIX concept: setvbuf Function

⚡ Processing UNIX concept 3/4...
Full Grok response: {
  "topic": "Using setvbuf to Control Stream Buffering",
  "explanation": "setvbuf is a C standard library function that allows programmers to specify the buffering mode for a file stream, such as fully buffered, line buffered, or unbuffered. It is used to optimize input/output operations by controlling when data is flushed to the device, which can improve performance for large data transfers or ensure immediate output for interactive programs.",
  "syntax": "int setvbuf(FILE *stream, char *buf, int mode, size_t size);",
  "code_example": [
    "#include <stdio.h>",
    "",
    "int main() {",
    "    // Set stdout to unbuffered mode",
    "    setvbuf(stdout, NULL, _IONBF, 0);",
    "    printf(\"Hello, this output is unbuffered!\\n\");",
    "    return 0;",
    "}"
  ],
  "example_explanation": "This example demonstrates setvbuf by setting the standard output stream (stdout) to unbuffered mode using _IONBF as the mode argument. As a result, any output to stdout, such as the printf statement, is flushed immediately without buffering, showing how the function controls the stream's buffering behavior in a simple program."
}
Response length: 1143
✅ Saved UNIX concept: Using setvbuf to Control Stream Buffering

⚡ Processing UNIX concept 4/4...
Full Grok response: {
  "topic": "setbuf Function",
  "explanation": "The setbuf function in C is used to control the buffering behavior of a file stream. It allows you to specify a custom buffer for the stream, making it fully buffered, or set it to unbuffered by providing NULL. This is useful for optimizing input/output operations, ensuring immediate flushing, or managing memory for buffering in programs that handle files or standard I/O.",
  "syntax": "void setbuf(FILE *stream, char *buf);",
  "code_example": [
    "#include <stdio.h>",
    "",
    "int main() {",
    "    char buf[BUFSIZ];  // Declare a buffer array",
    "    setbuf(stdout, buf);  // Set stdout to use the provided buffer for fully buffered output",
    "    printf(\"Hello, world!\\n\");  // Output to the buffered stream",
    "    return 0;",
    "}"
  ],
  "example_explanation": "This example declares a buffer array and uses setbuf to associate it with stdout, configuring the stream for fully buffered output. The printf statement writes to this stream, demonstrating how setbuf applies the buffer to control I/O buffering without additional features."
}
Response length: 1121
✅ Saved UNIX concept: setbuf Function
📋 UNIX daily summary saved: unix_daily_summary_2025-07-19.md

📊 UNIX session complete: 4 atomic concepts extracted
📈 Total UNIX progress: 47 concepts

⏳ Run UNIX script again tomorrow to continue extraction...
